../Core/Src/main.c:110:13:uart_print	16	static
../Core/Src/main.c:119:5:main	8	static
../Core/Src/main.c:235:6:SystemClock_Config	96	static
../Core/Src/main.c:273:13:MX_USART2_UART_Init	8	static
../Core/Src/main.c:318:13:MX_GPIO_Init	48	static
../Core/Src/main.c:359:6:StartDefaultTask	16	static
../Core/Src/main.c:375:6:StartSpeedTask	96	static
../Core/Src/main.c:420:6:StartDistanceTask	96	static
../Core/Src/main.c:452:6:StartControlTask	32	static
../Core/Src/main.c:480:6:StartWarningTask	16	static
../Core/Src/main.c:508:6:StartBrakeTask	16	static
../Core/Src/main.c:531:6:ResponseTimerCallback	16	static
../Core/Src/main.c:545:6:HAL_TIM_PeriodElapsedCallback	16	static
../Core/Src/main.c:561:6:Error_Handler	8	static,ignoring_inline_asm
