../Core/Src/main_ex04.c:131:13:uart_print	16	static
../Core/Src/main_ex04.c:141:5:main	8	static
../Core/Src/main_ex04.c:244:6:SystemClock_Config	96	static
../Core/Src/main_ex04.c:285:13:MX_USART2_UART_Init	8	static
../Core/Src/main_ex04.c:333:13:MX_GPIO_Init	48	static
../Core/Src/main_ex04.c:375:6:StartDefaultTask	16	static
../Core/Src/main_ex04.c:393:6:StartSender1	96	static
../Core/Src/main_ex04.c:430:6:StartSender2	96	static
../Core/Src/main_ex04.c:469:6:StartReceiver	136	static
../Core/Src/main_ex04.c:529:6:StartMonitorTask	16	static
../Core/Src/main_ex04.c:547:6:StartDoorTask	16	static
../Core/Src/main_ex04.c:566:6:StartCoolerTask	16	static
../Core/Src/main_ex04.c:586:6:HAL_TIM_PeriodElapsedCallback	16	static
../Core/Src/main_ex04.c:603:6:Error_Handler	8	static,ignoring_inline_asm
