../Core/Src/main_ex03.c:112:13:uart_print	1
../Core/Src/main_ex03.c:122:5:main	1
../Core/Src/main_ex03.c:219:6:SystemClock_Config	3
../Core/Src/main_ex03.c:260:13:MX_USART2_UART_Init	5
../Core/Src/main_ex03.c:308:13:MX_GPIO_Init	1
../Core/Src/main_ex03.c:350:6:StartDefaultTask	1
../Core/Src/main_ex03.c:368:6:StartSender1	1
../Core/Src/main_ex03.c:404:6:StartSender2	1
../Core/Src/main_ex03.c:442:6:StartReceiver	2
../Core/Src/main_ex03.c:478:6:StartMonitorTask	2
../Core/Src/main_ex03.c:510:6:HAL_TIM_PeriodElapsedCallback	2
../Core/Src/main_ex03.c:527:6:Error_Handler	1
