../Core/Src/main_ex01.c:94:13:uart_print	1
../Core/Src/main_ex01.c:104:5:main	1
../Core/Src/main_ex01.c:195:6:SystemClock_Config	3
../Core/Src/main_ex01.c:236:13:MX_USART2_UART_Init	5
../Core/Src/main_ex01.c:284:13:MX_GPIO_Init	1
../Core/Src/main_ex01.c:326:6:StartDefaultTask	1
../Core/Src/main_ex01.c:344:6:StartSender1	2
../Core/Src/main_ex01.c:371:6:StartSender2	2
../Core/Src/main_ex01.c:397:6:StartReceiver	2
../Core/Src/main_ex01.c:430:6:HAL_TIM_PeriodElapsedCallback	2
../Core/Src/main_ex01.c:447:6:Error_Handler	1
