../Core/Src/main_ex03.c:112:13:uart_print	16	static
../Core/Src/main_ex03.c:122:5:main	8	static
../Core/Src/main_ex03.c:219:6:SystemClock_Config	96	static
../Core/Src/main_ex03.c:260:13:MX_USART2_UART_Init	8	static
../Core/Src/main_ex03.c:308:13:MX_GPIO_Init	48	static
../Core/Src/main_ex03.c:350:6:StartDefaultTask	16	static
../Core/Src/main_ex03.c:368:6:StartSender1	104	static
../Core/Src/main_ex03.c:404:6:StartSender2	104	static
../Core/Src/main_ex03.c:442:6:StartReceiver	128	static
../Core/Src/main_ex03.c:478:6:StartMonitorTask	120	static
../Core/Src/main_ex03.c:510:6:HAL_TIM_PeriodElapsedCallback	16	static
../Core/Src/main_ex03.c:527:6:Error_Handler	8	static,ignoring_inline_asm
