../Core/Src/main_ex02.c:107:13:uart_print	1
../Core/Src/main_ex02.c:117:5:main	1
../Core/Src/main_ex02.c:214:6:SystemClock_Config	3
../Core/Src/main_ex02.c:255:13:MX_USART2_UART_Init	5
../Core/Src/main_ex02.c:303:13:MX_GPIO_Init	1
../Core/Src/main_ex02.c:345:6:StartDefaultTask	1
../Core/Src/main_ex02.c:363:6:StartSender1	2
../Core/Src/main_ex02.c:390:6:StartSender2	1
../Core/Src/main_ex02.c:408:6:StartReceiver	2
../Core/Src/main_ex02.c:435:6:StartMonitorTask	2
../Core/Src/main_ex02.c:467:6:HAL_TIM_PeriodElapsedCallback	2
../Core/Src/main_ex02.c:484:6:Error_Handler	1
