../Core/Src/main.c:130:13:uart_print	16	static
../Core/Src/main.c:140:5:main	8	static
../Core/Src/main.c:249:6:SystemClock_Config	96	static
../Core/Src/main.c:290:13:MX_USART2_UART_Init	8	static
../Core/Src/main.c:338:13:MX_GPIO_Init	48	static
../Core/Src/main.c:380:6:StartDefaultTask	16	static
../Core/Src/main.c:398:6:StartTASK1	16	static
../Core/Src/main.c:416:6:StartTASK2	16	static
../Core/Src/main.c:434:6:StartLP	24	static
../Core/Src/main.c:466:6:StartMP	24	static
../Core/Src/main.c:492:6:StartHP	24	static
../Core/Src/main.c:528:6:HAL_TIM_PeriodElapsedCallback	16	static
../Core/Src/main.c:545:6:Error_Handler	8	static,ignoring_inline_asm
