../Core/Src/main.c:130:13:uart_print	1
../Core/Src/main.c:140:5:main	1
../Core/Src/main.c:249:6:SystemClock_Config	3
../Core/Src/main.c:290:13:MX_USART2_UART_Init	5
../Core/Src/main.c:338:13:MX_GPIO_Init	1
../Core/Src/main.c:380:6:StartDefaultTask	1
../Core/Src/main.c:398:6:StartTASK1	1
../Core/Src/main.c:416:6:StartTASK2	1
../Core/Src/main.c:434:6:StartLP	1
../Core/Src/main.c:466:6:StartMP	1
../Core/Src/main.c:492:6:StartHP	1
../Core/Src/main.c:528:6:HAL_TIM_PeriodElapsedCallback	2
../Core/Src/main.c:545:6:Error_Handler	1
