../Core/Src/main_ex02.c:96:13:uart_print	16	static
../Core/Src/main_ex02.c:106:5:main	8	static
../Core/Src/main_ex02.c:200:6:SystemClock_Config	96	static
../Core/Src/main_ex02.c:241:13:MX_USART2_UART_Init	8	static
../Core/Src/main_ex02.c:289:13:MX_GPIO_Init	48	static
../Core/Src/main_ex02.c:331:6:StartDefaultTask	16	static
../Core/Src/main_ex02.c:349:6:StartEventTask	96	static
../Core/Src/main_ex02.c:384:6:StartHandlerTask	88	static
../Core/Src/main_ex02.c:413:6:HAL_TIM_PeriodElapsedCallback	16	static
../Core/Src/main_ex02.c:430:6:Error_Handler	8	static,ignoring_inline_asm
