../Core/Src/main_ex01_1.c:92:13:uart_print	16	static
../Core/Src/main_ex01_1.c:102:5:main	8	static
../Core/Src/main_ex01_1.c:193:6:SystemClock_Config	96	static
../Core/Src/main_ex01_1.c:234:13:MX_USART2_UART_Init	8	static
../Core/Src/main_ex01_1.c:282:13:MX_GPIO_Init	48	static
../Core/Src/main_ex01_1.c:324:6:StartDefaultTask	16	static
../Core/Src/main_ex01_1.c:342:6:StartEventTask	24	static
../Core/Src/main_ex01_1.c:376:6:StartHandlerTask	16	static
../Core/Src/main_ex01_1.c:400:6:HAL_TIM_PeriodElapsedCallback	16	static
../Core/Src/main_ex01_1.c:417:6:Error_Handler	8	static,ignoring_inline_asm
