../Drivers/STM32G0xx_HAL_Driver/Src/stm32g0xx_hal_uart.c:307:19:HAL_UART_Init	16	static
../Drivers/STM32G0xx_HAL_Driver/Src/stm32g0xx_hal_uart.c:382:19:HAL_HalfDuplex_Init	16	static
../Drivers/STM32G0xx_HAL_Driver/Src/stm32g0xx_hal_uart.c:457:19:HAL_LIN_Init	16	static
../Drivers/STM32G0xx_HAL_Driver/Src/stm32g0xx_hal_uart.c:556:19:HAL_MultiProcessor_Init	24	static
../Drivers/STM32G0xx_HAL_Driver/Src/stm32g0xx_hal_uart.c:632:19:HAL_UART_DeInit	16	static
../Drivers/STM32G0xx_HAL_Driver/Src/stm32g0xx_hal_uart.c:679:13:HAL_UART_MspInit	16	static
../Drivers/STM32G0xx_HAL_Driver/Src/stm32g0xx_hal_uart.c:694:13:HAL_UART_MspDeInit	16	static
../Drivers/STM32G0xx_HAL_Driver/Src/stm32g0xx_hal_uart.c:1126:19:HAL_UART_Transmit	48	static
../Drivers/STM32G0xx_HAL_Driver/Src/stm32g0xx_hal_uart.c:1240:19:HAL_UART_Receive	48	static
../Drivers/STM32G0xx_HAL_Driver/Src/stm32g0xx_hal_uart.c:1348:19:HAL_UART_Transmit_IT	56	static,ignoring_inline_asm
../Drivers/STM32G0xx_HAL_Driver/Src/stm32g0xx_hal_uart.c:1432:19:HAL_UART_Receive_IT	40	static,ignoring_inline_asm
../Drivers/STM32G0xx_HAL_Driver/Src/stm32g0xx_hal_uart.c:1489:19:HAL_UART_Transmit_DMA	40	static,ignoring_inline_asm
../Drivers/STM32G0xx_HAL_Driver/Src/stm32g0xx_hal_uart.c:1575:19:HAL_UART_Receive_DMA	40	static,ignoring_inline_asm
../Drivers/STM32G0xx_HAL_Driver/Src/stm32g0xx_hal_uart.c:1622:19:HAL_UART_DMAPause	88	static,ignoring_inline_asm
../Drivers/STM32G0xx_HAL_Driver/Src/stm32g0xx_hal_uart.c:1652:19:HAL_UART_DMAResume	80	static,ignoring_inline_asm
../Drivers/STM32G0xx_HAL_Driver/Src/stm32g0xx_hal_uart.c:1683:19:HAL_UART_DMAStop	56	static,ignoring_inline_asm
../Drivers/STM32G0xx_HAL_Driver/Src/stm32g0xx_hal_uart.c:1758:19:HAL_UART_Abort	96	static,ignoring_inline_asm
../Drivers/STM32G0xx_HAL_Driver/Src/stm32g0xx_hal_uart.c:1857:19:HAL_UART_AbortTransmit	64	static,ignoring_inline_asm
../Drivers/STM32G0xx_HAL_Driver/Src/stm32g0xx_hal_uart.c:1913:19:HAL_UART_AbortReceive	80	static,ignoring_inline_asm
../Drivers/STM32G0xx_HAL_Driver/Src/stm32g0xx_hal_uart.c:1978:19:HAL_UART_Abort_IT	104	static,ignoring_inline_asm
../Drivers/STM32G0xx_HAL_Driver/Src/stm32g0xx_hal_uart.c:2127:19:HAL_UART_AbortTransmit_IT	64	static,ignoring_inline_asm
../Drivers/STM32G0xx_HAL_Driver/Src/stm32g0xx_hal_uart.c:2213:19:HAL_UART_AbortReceive_IT	80	static,ignoring_inline_asm
../Drivers/STM32G0xx_HAL_Driver/Src/stm32g0xx_hal_uart.c:2300:6:HAL_UART_IRQHandler	184	static,ignoring_inline_asm
../Drivers/STM32G0xx_HAL_Driver/Src/stm32g0xx_hal_uart.c:2652:13:HAL_UART_TxCpltCallback	16	static
../Drivers/STM32G0xx_HAL_Driver/Src/stm32g0xx_hal_uart.c:2667:13:HAL_UART_TxHalfCpltCallback	16	static
../Drivers/STM32G0xx_HAL_Driver/Src/stm32g0xx_hal_uart.c:2682:13:HAL_UART_RxCpltCallback	16	static
../Drivers/STM32G0xx_HAL_Driver/Src/stm32g0xx_hal_uart.c:2697:13:HAL_UART_RxHalfCpltCallback	16	static
../Drivers/STM32G0xx_HAL_Driver/Src/stm32g0xx_hal_uart.c:2712:13:HAL_UART_ErrorCallback	16	static
../Drivers/STM32G0xx_HAL_Driver/Src/stm32g0xx_hal_uart.c:2727:13:HAL_UART_AbortCpltCallback	16	static
../Drivers/STM32G0xx_HAL_Driver/Src/stm32g0xx_hal_uart.c:2742:13:HAL_UART_AbortTransmitCpltCallback	16	static
../Drivers/STM32G0xx_HAL_Driver/Src/stm32g0xx_hal_uart.c:2757:13:HAL_UART_AbortReceiveCpltCallback	16	static
../Drivers/STM32G0xx_HAL_Driver/Src/stm32g0xx_hal_uart.c:2774:13:HAL_UARTEx_RxEventCallback	16	static
../Drivers/STM32G0xx_HAL_Driver/Src/stm32g0xx_hal_uart.c:2822:6:HAL_UART_ReceiverTimeout_Config	16	static
../Drivers/STM32G0xx_HAL_Driver/Src/stm32g0xx_hal_uart.c:2837:19:HAL_UART_EnableReceiverTimeout	16	static
../Drivers/STM32G0xx_HAL_Driver/Src/stm32g0xx_hal_uart.c:2875:19:HAL_UART_DisableReceiverTimeout	16	static
../Drivers/STM32G0xx_HAL_Driver/Src/stm32g0xx_hal_uart.c:2913:19:HAL_MultiProcessor_EnableMuteMode	32	static,ignoring_inline_asm
../Drivers/STM32G0xx_HAL_Driver/Src/stm32g0xx_hal_uart.c:2933:19:HAL_MultiProcessor_DisableMuteMode	32	static,ignoring_inline_asm
../Drivers/STM32G0xx_HAL_Driver/Src/stm32g0xx_hal_uart.c:2953:6:HAL_MultiProcessor_EnterMuteMode	16	static
../Drivers/STM32G0xx_HAL_Driver/Src/stm32g0xx_hal_uart.c:2963:19:HAL_HalfDuplex_EnableTransmitter	48	static,ignoring_inline_asm
../Drivers/STM32G0xx_HAL_Driver/Src/stm32g0xx_hal_uart.c:2986:19:HAL_HalfDuplex_EnableReceiver	48	static,ignoring_inline_asm
../Drivers/STM32G0xx_HAL_Driver/Src/stm32g0xx_hal_uart.c:3010:19:HAL_LIN_SendBreak	16	static
../Drivers/STM32G0xx_HAL_Driver/Src/stm32g0xx_hal_uart.c:3055:23:HAL_UART_GetState	24	static
../Drivers/STM32G0xx_HAL_Driver/Src/stm32g0xx_hal_uart.c:3071:10:HAL_UART_GetError	16	static
../Drivers/STM32G0xx_HAL_Driver/Src/stm32g0xx_hal_uart.c:3117:19:UART_SetConfig	80	static
../Drivers/STM32G0xx_HAL_Driver/Src/stm32g0xx_hal_uart.c:3328:6:UART_AdvFeatureConfig	16	static
../Drivers/STM32G0xx_HAL_Driver/Src/stm32g0xx_hal_uart.c:3402:19:UART_CheckIdleState	80	static,ignoring_inline_asm
../Drivers/STM32G0xx_HAL_Driver/Src/stm32g0xx_hal_uart.c:3471:19:UART_WaitOnFlagUntilTimeout	24	static
../Drivers/STM32G0xx_HAL_Driver/Src/stm32g0xx_hal_uart.c:3539:19:UART_Start_Receive_IT	104	static,ignoring_inline_asm
../Drivers/STM32G0xx_HAL_Driver/Src/stm32g0xx_hal_uart.c:3611:19:UART_Start_Receive_DMA	72	static,ignoring_inline_asm
../Drivers/STM32G0xx_HAL_Driver/Src/stm32g0xx_hal_uart.c:3668:13:UART_EndTxTransfer	48	static,ignoring_inline_asm
../Drivers/STM32G0xx_HAL_Driver/Src/stm32g0xx_hal_uart.c:3684:13:UART_EndRxTransfer	64	static,ignoring_inline_asm
../Drivers/STM32G0xx_HAL_Driver/Src/stm32g0xx_hal_uart.c:3710:13:UART_DMATransmitCplt	56	static,ignoring_inline_asm
../Drivers/STM32G0xx_HAL_Driver/Src/stm32g0xx_hal_uart.c:3742:13:UART_DMATxHalfCplt	24	static
../Drivers/STM32G0xx_HAL_Driver/Src/stm32g0xx_hal_uart.c:3760:13:UART_DMAReceiveCplt	88	static,ignoring_inline_asm
../Drivers/STM32G0xx_HAL_Driver/Src/stm32g0xx_hal_uart.c:3829:13:UART_DMARxHalfCplt	24	static
../Drivers/STM32G0xx_HAL_Driver/Src/stm32g0xx_hal_uart.c:3877:13:UART_DMAError	32	static
../Drivers/STM32G0xx_HAL_Driver/Src/stm32g0xx_hal_uart.c:3915:13:UART_DMAAbortOnError	24	static
../Drivers/STM32G0xx_HAL_Driver/Src/stm32g0xx_hal_uart.c:3936:13:UART_DMATxAbortCallback	24	static
../Drivers/STM32G0xx_HAL_Driver/Src/stm32g0xx_hal_uart.c:3987:13:UART_DMARxAbortCallback	24	static
../Drivers/STM32G0xx_HAL_Driver/Src/stm32g0xx_hal_uart.c:4035:13:UART_DMATxOnlyAbortCallback	24	static
../Drivers/STM32G0xx_HAL_Driver/Src/stm32g0xx_hal_uart.c:4066:13:UART_DMARxOnlyAbortCallback	24	static
../Drivers/STM32G0xx_HAL_Driver/Src/stm32g0xx_hal_uart.c:4097:13:UART_TxISR_8BIT	48	static,ignoring_inline_asm
../Drivers/STM32G0xx_HAL_Driver/Src/stm32g0xx_hal_uart.c:4126:13:UART_TxISR_16BIT	56	static,ignoring_inline_asm
../Drivers/STM32G0xx_HAL_Driver/Src/stm32g0xx_hal_uart.c:4158:13:UART_TxISR_8BIT_FIFOEN	56	static,ignoring_inline_asm
../Drivers/STM32G0xx_HAL_Driver/Src/stm32g0xx_hal_uart.c:4198:13:UART_TxISR_16BIT_FIFOEN	56	static,ignoring_inline_asm
../Drivers/STM32G0xx_HAL_Driver/Src/stm32g0xx_hal_uart.c:4239:13:UART_EndTransmit_IT	32	static,ignoring_inline_asm
../Drivers/STM32G0xx_HAL_Driver/Src/stm32g0xx_hal_uart.c:4264:13:UART_RxISR_8BIT	88	static,ignoring_inline_asm
../Drivers/STM32G0xx_HAL_Driver/Src/stm32g0xx_hal_uart.c:4355:13:UART_RxISR_16BIT	88	static,ignoring_inline_asm
../Drivers/STM32G0xx_HAL_Driver/Src/stm32g0xx_hal_uart.c:4448:13:UART_RxISR_8BIT_FIFOEN	136	static,ignoring_inline_asm
../Drivers/STM32G0xx_HAL_Driver/Src/stm32g0xx_hal_uart.c:4611:13:UART_RxISR_16BIT_FIFOEN	144	static,ignoring_inline_asm
