../Core/Src/main.c:64:5:__io_putchar	16	static
../Core/Src/main.c:68:5:_write	24	static
../Core/Src/main.c:79:5:main	8	static
../Core/Src/main.c:131:6:SystemClock_Config	96	static
../Core/Src/main.c:172:13:MX_TIM3_Init	64	static
../Core/Src/main.c:235:13:MX_TIM17_Init	88	static
../Core/Src/main.c:298:13:MX_USART2_UART_Init	8	static
../Core/Src/main.c:346:13:MX_GPIO_Init	56	static
../Core/Src/main.c:379:6:Set_RGB_Color	24	static
../Core/Src/main.c:390:6:Error_Handler	8	static,ignoring_inline_asm
