../Core/Src/main.c:118:13:uart_print	16	static
../Core/Src/main.c:127:5:main	8	static
../Core/Src/main.c:231:6:SystemClock_Config	96	static
../Core/Src/main.c:272:13:MX_USART2_UART_Init	8	static
../Core/Src/main.c:320:13:MX_GPIO_Init	48	static
../Core/Src/main.c:362:6:StartDefaultTask	16	static
../Core/Src/main.c:379:6:StartSpeedTask	64	static
../Core/Src/main.c:413:6:StartDoorStateTask	16	static
../Core/Src/main.c:437:6:StartDoorControlTask	24	static
../Core/Src/main.c:464:6:StartDoorLockTask	80	static
../Core/Src/main.c:493:6:HAL_TIM_PeriodElapsedCallback	16	static
../Core/Src/main.c:510:6:Error_Handler	8	static,ignoring_inline_asm
