../Core/Src/main.c:87:13:uart_print	16	static
../Core/Src/main.c:96:5:main	8	static
../Core/Src/main.c:192:6:SystemClock_Config	96	static
../Core/Src/main.c:230:13:MX_USART2_UART_Init	8	static
../Core/Src/main.c:275:13:MX_GPIO_Init	48	static
../Core/Src/main.c:316:6:StartDefaultTask	16	static
../Core/Src/main.c:332:6:StartBitSetterTask1	16	static
../Core/Src/main.c:351:6:StartBitSetterTask2	16	static
../Core/Src/main.c:377:6:StartBitReaderTask	96	static
../Core/Src/main.c:426:6:HAL_TIM_PeriodElapsedCallback	16	static
../Core/Src/main.c:442:6:Error_Handler	8	static,ignoring_inline_asm
