../Core/Src/main_ex01_1.c:119:13:uart_print	1
../Core/Src/main_ex01_1.c:129:5:main	1
../Core/Src/main_ex01_1.c:233:6:SystemClock_Config	3
../Core/Src/main_ex01_1.c:274:13:MX_USART2_UART_Init	5
../Core/Src/main_ex01_1.c:322:13:MX_GPIO_Init	1
../Core/Src/main_ex01_1.c:364:6:StartDefaultTask	1
../Core/Src/main_ex01_1.c:382:6:StartTimerTestTask	1
../Core/Src/main_ex01_1.c:400:6:StartSender1	1
../Core/Src/main_ex01_1.c:419:6:StartSender2	1
../Core/Src/main_ex01_1.c:438:6:StartReceiver	2
../Core/Src/main_ex01_1.c:462:6:OneShotTimerCallback	1
../Core/Src/main_ex01_1.c:471:6:PeriodicTimerCallback	1
../Core/Src/main_ex01_1.c:487:6:HAL_TIM_PeriodElapsedCallback	2
../Core/Src/main_ex01_1.c:504:6:Error_Handler	1
