../Core/Src/main.c:99:13:uart_print	16	static
../Core/Src/main.c:114:5:main	8	static
../Core/Src/main.c:208:6:SystemClock_Config	96	static
../Core/Src/main.c:249:13:MX_USART2_UART_Init	8	static
../Core/Src/main.c:297:13:MX_GPIO_Init	48	static
../Core/Src/main.c:339:6:StartDefaultTask	16	static
../Core/Src/main.c:357:6:StartSenderTask1	24	static
../Core/Src/main.c:378:6:StartSenderTask2	24	static
../Core/Src/main.c:401:6:StartGateKeeperTask	24	static
../Core/Src/main.c:424:6:HAL_TIM_PeriodElapsedCallback	16	static
../Core/Src/main.c:441:6:Error_Handler	8	static,ignoring_inline_asm
