../Core/Src/main_ex03.c:94:13:uart_print	1
../Core/Src/main_ex03.c:103:5:main	1
../Core/Src/main_ex03.c:193:6:SystemClock_Config	3
../Core/Src/main_ex03.c:234:13:MX_USART2_UART_Init	5
../Core/Src/main_ex03.c:282:13:MX_GPIO_Init	1
../Core/Src/main_ex03.c:324:6:StartDefaultTask	1
../Core/Src/main_ex03.c:342:6:StartTask1	1
../Core/Src/main_ex03.c:361:6:StartTask2	2
../Core/Src/main_ex03.c:389:6:StartTask3	1
../Core/Src/main_ex03.c:409:6:HAL_TIM_PeriodElapsedCallback	2
../Core/Src/main_ex03.c:426:6:Error_Handler	1
