../Core/Src/main_ex03.c:94:13:uart_print	16	static
../Core/Src/main_ex03.c:103:5:main	8	static
../Core/Src/main_ex03.c:193:6:SystemClock_Config	96	static
../Core/Src/main_ex03.c:234:13:MX_USART2_UART_Init	8	static
../Core/Src/main_ex03.c:282:13:MX_GPIO_Init	48	static
../Core/Src/main_ex03.c:324:6:StartDefaultTask	16	static
../Core/Src/main_ex03.c:342:6:StartTask1	16	static
../Core/Src/main_ex03.c:361:6:StartTask2	24	static
../Core/Src/main_ex03.c:389:6:StartTask3	16	static
../Core/Src/main_ex03.c:409:6:HAL_TIM_PeriodElapsedCallback	16	static
../Core/Src/main_ex03.c:426:6:Error_Handler	8	static,ignoring_inline_asm
