../Core/Src/main_ex04.c:94:13:uart_print	1
../Core/Src/main_ex04.c:103:5:main	1
../Core/Src/main_ex04.c:193:6:SystemClock_Config	3
../Core/Src/main_ex04.c:234:13:MX_USART2_UART_Init	5
../Core/Src/main_ex04.c:282:13:MX_GPIO_Init	1
../Core/Src/main_ex04.c:324:6:StartDefaultTask	1
../Core/Src/main_ex04.c:342:6:StartTask1	1
../Core/Src/main_ex04.c:369:6:StartTask2	1
../Core/Src/main_ex04.c:394:6:StartTask3	1
../Core/Src/main_ex04.c:419:6:HAL_TIM_PeriodElapsedCallback	2
../Core/Src/main_ex04.c:436:6:Error_Handler	1
