../Core/Src/main_ex02.c:93:13:uart_print	16	static
../Core/Src/main_ex02.c:102:5:main	8	static
../Core/Src/main_ex02.c:192:6:SystemClock_Config	96	static
../Core/Src/main_ex02.c:233:13:MX_USART2_UART_Init	8	static
../Core/Src/main_ex02.c:281:13:MX_GPIO_Init	48	static
../Core/Src/main_ex02.c:323:6:StartDefaultTask	16	static
../Core/Src/main_ex02.c:341:6:StartTask1	16	static
../Core/Src/main_ex02.c:362:6:StartTask2	16	static
../Core/Src/main_ex02.c:381:6:StartTask3	16	static
../Core/Src/main_ex02.c:401:6:HAL_TIM_PeriodElapsedCallback	16	static
../Core/Src/main_ex02.c:418:6:Error_Handler	8	static,ignoring_inline_asm
