../Core/Src/main_ex02.c:93:13:uart_print	1
../Core/Src/main_ex02.c:102:5:main	1
../Core/Src/main_ex02.c:192:6:SystemClock_Config	3
../Core/Src/main_ex02.c:233:13:MX_USART2_UART_Init	5
../Core/Src/main_ex02.c:281:13:MX_GPIO_Init	1
../Core/Src/main_ex02.c:323:6:StartDefaultTask	1
../Core/Src/main_ex02.c:341:6:StartTask1	1
../Core/Src/main_ex02.c:362:6:StartTask2	1
../Core/Src/main_ex02.c:381:6:StartTask3	1
../Core/Src/main_ex02.c:401:6:HAL_TIM_PeriodElapsedCallback	2
../Core/Src/main_ex02.c:418:6:Error_Handler	1
