Archive member included to satisfy reference by file (symbol)

C:/ST/STM32CubeIDE_1.17.0/STM32CubeIDE/plugins/com.st.stm32cube.ide.mcu.externaltools.gnu-tools-for-stm32.12.3.rel1.win32_1.1.0.202410251130/tools/bin/../lib/gcc/arm-none-eabi/12.3.1/../../../../arm-none-eabi/lib/thumb/v6-m/nofp\libc_nano.a(libc_a-exit.o)
                              C:/ST/STM32CubeIDE_1.17.0/STM32CubeIDE/plugins/com.st.stm32cube.ide.mcu.externaltools.gnu-tools-for-stm32.12.3.rel1.win32_1.1.0.202410251130/tools/bin/../lib/gcc/arm-none-eabi/12.3.1/../../../../arm-none-eabi/lib/thumb/v6-m/nofp/crt0.o (exit)
C:/ST/STM32CubeIDE_1.17.0/STM32CubeIDE/plugins/com.st.stm32cube.ide.mcu.externaltools.gnu-tools-for-stm32.12.3.rel1.win32_1.1.0.202410251130/tools/bin/../lib/gcc/arm-none-eabi/12.3.1/../../../../arm-none-eabi/lib/thumb/v6-m/nofp\libc_nano.a(libc_a-findfp.o)
                              ./Middlewares/Third_Party/FreeRTOS/Source/tasks.o (__sf)
C:/ST/STM32CubeIDE_1.17.0/STM32CubeIDE/plugins/com.st.stm32cube.ide.mcu.externaltools.gnu-tools-for-stm32.12.3.rel1.win32_1.1.0.202410251130/tools/bin/../lib/gcc/arm-none-eabi/12.3.1/../../../../arm-none-eabi/lib/thumb/v6-m/nofp\libc_nano.a(libc_a-fwalk.o)
                              C:/ST/STM32CubeIDE_1.17.0/STM32CubeIDE/plugins/com.st.stm32cube.ide.mcu.externaltools.gnu-tools-for-stm32.12.3.rel1.win32_1.1.0.202410251130/tools/bin/../lib/gcc/arm-none-eabi/12.3.1/../../../../arm-none-eabi/lib/thumb/v6-m/nofp\libc_nano.a(libc_a-findfp.o) (_fwalk_sglue)
C:/ST/STM32CubeIDE_1.17.0/STM32CubeIDE/plugins/com.st.stm32cube.ide.mcu.externaltools.gnu-tools-for-stm32.12.3.rel1.win32_1.1.0.202410251130/tools/bin/../lib/gcc/arm-none-eabi/12.3.1/../../../../arm-none-eabi/lib/thumb/v6-m/nofp\libc_nano.a(libc_a-stdio.o)
                              C:/ST/STM32CubeIDE_1.17.0/STM32CubeIDE/plugins/com.st.stm32cube.ide.mcu.externaltools.gnu-tools-for-stm32.12.3.rel1.win32_1.1.0.202410251130/tools/bin/../lib/gcc/arm-none-eabi/12.3.1/../../../../arm-none-eabi/lib/thumb/v6-m/nofp\libc_nano.a(libc_a-findfp.o) (__sread)
C:/ST/STM32CubeIDE_1.17.0/STM32CubeIDE/plugins/com.st.stm32cube.ide.mcu.externaltools.gnu-tools-for-stm32.12.3.rel1.win32_1.1.0.202410251130/tools/bin/../lib/gcc/arm-none-eabi/12.3.1/../../../../arm-none-eabi/lib/thumb/v6-m/nofp\libc_nano.a(libc_a-memset.o)
                              C:/ST/STM32CubeIDE_1.17.0/STM32CubeIDE/plugins/com.st.stm32cube.ide.mcu.externaltools.gnu-tools-for-stm32.12.3.rel1.win32_1.1.0.202410251130/tools/bin/../lib/gcc/arm-none-eabi/12.3.1/../../../../arm-none-eabi/lib/thumb/v6-m/nofp/crt0.o (memset)
C:/ST/STM32CubeIDE_1.17.0/STM32CubeIDE/plugins/com.st.stm32cube.ide.mcu.externaltools.gnu-tools-for-stm32.12.3.rel1.win32_1.1.0.202410251130/tools/bin/../lib/gcc/arm-none-eabi/12.3.1/../../../../arm-none-eabi/lib/thumb/v6-m/nofp\libc_nano.a(libc_a-closer.o)
                              C:/ST/STM32CubeIDE_1.17.0/STM32CubeIDE/plugins/com.st.stm32cube.ide.mcu.externaltools.gnu-tools-for-stm32.12.3.rel1.win32_1.1.0.202410251130/tools/bin/../lib/gcc/arm-none-eabi/12.3.1/../../../../arm-none-eabi/lib/thumb/v6-m/nofp\libc_nano.a(libc_a-stdio.o) (_close_r)
C:/ST/STM32CubeIDE_1.17.0/STM32CubeIDE/plugins/com.st.stm32cube.ide.mcu.externaltools.gnu-tools-for-stm32.12.3.rel1.win32_1.1.0.202410251130/tools/bin/../lib/gcc/arm-none-eabi/12.3.1/../../../../arm-none-eabi/lib/thumb/v6-m/nofp\libc_nano.a(libc_a-reent.o)
                              ./Middlewares/Third_Party/FreeRTOS/Source/tasks.o (_reclaim_reent)
C:/ST/STM32CubeIDE_1.17.0/STM32CubeIDE/plugins/com.st.stm32cube.ide.mcu.externaltools.gnu-tools-for-stm32.12.3.rel1.win32_1.1.0.202410251130/tools/bin/../lib/gcc/arm-none-eabi/12.3.1/../../../../arm-none-eabi/lib/thumb/v6-m/nofp\libc_nano.a(libc_a-impure.o)
                              ./Middlewares/Third_Party/FreeRTOS/Source/tasks.o (_impure_ptr)
C:/ST/STM32CubeIDE_1.17.0/STM32CubeIDE/plugins/com.st.stm32cube.ide.mcu.externaltools.gnu-tools-for-stm32.12.3.rel1.win32_1.1.0.202410251130/tools/bin/../lib/gcc/arm-none-eabi/12.3.1/../../../../arm-none-eabi/lib/thumb/v6-m/nofp\libc_nano.a(libc_a-lseekr.o)
                              C:/ST/STM32CubeIDE_1.17.0/STM32CubeIDE/plugins/com.st.stm32cube.ide.mcu.externaltools.gnu-tools-for-stm32.12.3.rel1.win32_1.1.0.202410251130/tools/bin/../lib/gcc/arm-none-eabi/12.3.1/../../../../arm-none-eabi/lib/thumb/v6-m/nofp\libc_nano.a(libc_a-stdio.o) (_lseek_r)
C:/ST/STM32CubeIDE_1.17.0/STM32CubeIDE/plugins/com.st.stm32cube.ide.mcu.externaltools.gnu-tools-for-stm32.12.3.rel1.win32_1.1.0.202410251130/tools/bin/../lib/gcc/arm-none-eabi/12.3.1/../../../../arm-none-eabi/lib/thumb/v6-m/nofp\libc_nano.a(libc_a-readr.o)
                              C:/ST/STM32CubeIDE_1.17.0/STM32CubeIDE/plugins/com.st.stm32cube.ide.mcu.externaltools.gnu-tools-for-stm32.12.3.rel1.win32_1.1.0.202410251130/tools/bin/../lib/gcc/arm-none-eabi/12.3.1/../../../../arm-none-eabi/lib/thumb/v6-m/nofp\libc_nano.a(libc_a-stdio.o) (_read_r)
[...]
Memory Configuration

Name             Origin             Length             Attributes
RAM              0x20000000         0x00024000         xrw
FLASH            0x08000000         0x00080000         xr
*default*        0x00000000         0xffffffff

Linker script and memory map

LOAD C:/ST/STM32CubeIDE_1.17.0/STM32CubeIDE/plugins/com.st.stm32cube.ide.mcu.externaltools.gnu-tools-for-stm32.12.3.rel1.win32_1.1.0.202410251130/tools/bin/../lib/gcc/arm-none-eabi/12.3.1/thumb/v6-m/nofp/crti.o
LOAD C:/ST/STM32CubeIDE_1.17.0/STM32CubeIDE/plugins/com.st.stm32cube.ide.mcu.externaltools.gnu-tools-for-stm32.12.3.rel1.win32_1.1.0.202410251130/tools/bin/../lib/gcc/arm-none-eabi/12.3.1/thumb/v6-m/nofp/crtbegin.o
LOAD C:/ST/STM32CubeIDE_1.17.0/STM32CubeIDE/plugins/com.st.stm32cube.ide.mcu.externaltools.gnu-tools-for-stm32.12.3.rel1.win32_1.1.0.202410251130/tools/bin/../lib/gcc/arm-none-eabi/12.3.1/../../../../arm-none-eabi/lib/thumb/v6-m/nofp/crt0.o
LOAD ./Core/Src/app_freertos.o
LOAD ./Core/Src/main.o
LOAD ./Core/Src/stm32g0xx_hal_msp.o
LOAD ./Core/Src/stm32g0xx_hal_timebase_tim.o
LOAD ./Core/Src/stm32g0xx_it.o
LOAD ./Core/Src/syscalls.o
LOAD ./Core/Src/sysmem.o
LOAD ./Core/Src/system_stm32g0xx.o
LOAD ./Core/Startup/startup_stm32g0b1retx.o
LOAD ./Drivers/STM32G0xx_HAL_Driver/Src/stm32g0xx_hal.o
LOAD ./Drivers/STM32G0xx_HAL_Driver/Src/stm32g0xx_hal_cortex.o
LOAD ./Drivers/STM32G0xx_HAL_Driver/Src/stm32g0xx_hal_dma.o
LOAD ./Drivers/STM32G0xx_HAL_Driver/Src/stm32g0xx_hal_dma_ex.o
LOAD ./Drivers/STM32G0xx_HAL_Driver/Src/stm32g0xx_hal_exti.o
LOAD ./Drivers/STM32G0xx_HAL_Driver/Src/stm32g0xx_hal_flash.o
LOAD ./Drivers/STM32G0xx_HAL_Driver/Src/stm32g0xx_hal_flash_ex.o
LOAD ./Drivers/STM32G0xx_HAL_Driver/Src/stm32g0xx_hal_gpio.o
LOAD ./Drivers/STM32G0xx_HAL_Driver/Src/stm32g0xx_hal_pwr.o
LOAD ./Drivers/STM32G0xx_HAL_Driver/Src/stm32g0xx_hal_pwr_ex.o
LOAD ./Drivers/STM32G0xx_HAL_Driver/Src/stm32g0xx_hal_rcc.o
LOAD ./Drivers/STM32G0xx_HAL_Driver/Src/stm32g0xx_hal_rcc_ex.o
LOAD ./Drivers/STM32G0xx_HAL_Driver/Src/stm32g0xx_hal_tim.o
LOAD ./Drivers/STM32G0xx_HAL_Driver/Src/stm32g0xx_hal_tim_ex.o
LOAD ./Drivers/STM32G0xx_HAL_Driver/Src/stm32g0xx_hal_uart.o
LOAD ./Drivers/STM32G0xx_HAL_Driver/Src/stm32g0xx_hal_uart_ex.o
LOAD ./Drivers/STM32G0xx_HAL_Driver/Src/stm32g0xx_ll_rcc.o
LOAD ./Middlewares/Third_Party/FreeRTOS/Source/CMSIS_RTOS_V2/cmsis_os2.o
LOAD ./Middlewares/Third_Party/FreeRTOS/Source/croutine.o
LOAD ./Middlewares/Third_Party/FreeRTOS/Source/event_groups.o
LOAD ./Middlewares/Third_Party/FreeRTOS/Source/list.o
LOAD ./Middlewares/Third_Party/FreeRTOS/Source/queue.o
LOAD ./Middlewares/Third_Party/FreeRTOS/Source/stream_buffer.o
LOAD ./Middlewares/Third_Party/FreeRTOS/Source/tasks.o
LOAD ./Middlewares/Third_Party/FreeRTOS/Source/timers.o
LOAD ./Middlewares/Third_Party/FreeRTOS/Source/portable/GCC/ARM_CM0/port.o
LOAD ./Middlewares/Third_Party/FreeRTOS/Source/portable/MemMang/heap_4.o
START GROUP
LOAD C:/ST/STM32CubeIDE_1.17.0/STM32CubeIDE/plugins/com.st.stm32cube.ide.mcu.externaltools.gnu-tools-for-stm32.12.3.rel1.win32_1.1.0.202410251130/tools/bin/../lib/gcc/arm-none-eabi/12.3.1/../../../../arm-none-eabi/lib/thumb/v6-m/nofp\libc_nano.a
LOAD C:/ST/STM32CubeIDE_1.17.0/STM32CubeIDE/plugins/com.st.stm32cube.ide.mcu.externaltools.gnu-tools-for-stm32.12.3.rel1.win32_1.1.0.202410251130/tools/bin/../lib/gcc/arm-none-eabi/12.3.1/../../../../arm-none-eabi/lib/thumb/v6-m/nofp\libm.a
END GROUP
START GROUP
LOAD C:/ST/STM32CubeIDE_1.17.0/STM32CubeIDE/plugins/com.st.stm32cube.ide.mcu.externaltools.gnu-tools-for-stm32.12.3.rel1.win32_1.1.0.202410251130/tools/bin/../lib/gcc/arm-none-eabi/12.3.1/thumb/v6-m/nofp\libgcc.a
LOAD C:/ST/STM32CubeIDE_1.17.0/STM32CubeIDE/plugins/com.st.stm32cube.ide.mcu.externaltools.gnu-tools-for-stm32.12.3.rel1.win32_1.1.0.202410251130/tools/bin/../lib/gcc/arm-none-eabi/12.3.1/../../../../arm-none-eabi/lib/thumb/v6-m/nofp\libc_nano.a
END GROUP
START GROUP
LOAD C:/ST/STM32CubeIDE_1.17.0/STM32CubeIDE/plugins/com.st.stm32cube.ide.mcu.externaltools.gnu-tools-for-stm32.12.3.rel1.win32_1.1.0.202410251130/tools/bin/../lib/gcc/arm-none-eabi/12.3.1/thumb/v6-m/nofp\libgcc.a
LOAD C:/ST/STM32CubeIDE_1.17.0/STM32CubeIDE/plugins/com.st.stm32cube.ide.mcu.externaltools.gnu-tools-for-stm32.12.3.rel1.win32_1.1.0.202410251130/tools/bin/../lib/gcc/arm-none-eabi/12.3.1/../../../../arm-none-eabi/lib/thumb/v6-m/nofp\libc_nano.a
LOAD C:/ST/STM32CubeIDE_1.17.0/STM32CubeIDE/plugins/com.st.stm32cube.ide.mcu.externaltools.gnu-tools-for-stm32.12.3.rel1.win32_1.1.0.202410251130/tools/bin/../lib/gcc/arm-none-eabi/12.3.1/../../../../arm-none-eabi/lib/thumb/v6-m/nofp\libnosys.a
END GROUP
START GROUP
LOAD C:/ST/STM32CubeIDE_1.17.0/STM32CubeIDE/plugins/com.st.stm32cube.ide.mcu.externaltools.gnu-tools-for-stm32.12.3.rel1.win32_1.1.0.202410251130/tools/bin/../lib/gcc/arm-none-eabi/12.3.1/thumb/v6-m/nofp\libgcc.a
LOAD C:/ST/STM32CubeIDE_1.17.0/STM32CubeIDE/plugins/com.st.stm32cube.ide.mcu.externaltools.gnu-tools-for-stm32.12.3.rel1.win32_1.1.0.202410251130/tools/bin/../lib/gcc/arm-none-eabi/12.3.1/../../../../arm-none-eabi/lib/thumb/v6-m/nofp\libc_nano.a
LOAD C:/ST/STM32CubeIDE_1.17.0/STM32CubeIDE/plugins/com.st.stm32cube.ide.mcu.externaltools.gnu-tools-for-stm32.12.3.rel1.win32_1.1.0.202410251130/tools/bin/../lib/gcc/arm-none-eabi/12.3.1/../../../../arm-none-eabi/lib/thumb/v6-m/nofp\libnosys.a
END GROUP
LOAD C:/ST/STM32CubeIDE_1.17.0/STM32CubeIDE/plugins/com.st.stm32cube.ide.mcu.externaltools.gnu-tools-for-stm32.12.3.rel1.win32_1.1.0.202410251130/tools/bin/../lib/gcc/arm-none-eabi/12.3.1/thumb/v6-m/nofp/crtend.o
LOAD C:/ST/STM32CubeIDE_1.17.0/STM32CubeIDE/plugins/com.st.stm32cube.ide.mcu.externaltools.gnu-tools-for-stm32.12.3.rel1.win32_1.1.0.202410251130/tools/bin/../lib/gcc/arm-none-eabi/12.3.1/thumb/v6-m/nofp/crtn.o
                0x20024000                        _estack = (ORIGIN (RAM) + LENGTH (RAM))
                0x00000200                        _Min_Heap_Size = 0x200
                0x00000400                        _Min_Stack_Size = 0x400

.isr_vector     0x08000000       0xbc
                0x08000000                        . = ALIGN (0x4)
 *(.isr_vector)
 .isr_vector    0x08000000       0xbc ./Core/Startup/startup_stm32g0b1retx.o
                0x08000000                g_pfnVectors
                0x080000bc                        . = ALIGN (0x4)

.text           0x080000c0     0x69ac
                0x080000c0                        . = ALIGN (0x4)
 *(.text)
 .text          0x080000c0       0x48 C:/ST/STM32CubeIDE_1.17.0/STM32CubeIDE/plugins/com.st.stm32cube.ide.mcu.externaltools.gnu-tools-for-stm32.12.3.rel1.win32_1.1.0.202410251130/tools/bin/../lib/gcc/arm-none-eabi/12.3.1/thumb/v6-m/nofp/crtbegin.o
 .text          0x08000108        0xe C:/ST/STM32CubeIDE_1.17.0/STM32CubeIDE/plugins/com.st.stm32cube.ide.mcu.externaltools.gnu-tools-for-stm32.12.3.rel1.win32_1.1.0.202410251130/tools/bin/../lib/gcc/arm-none-eabi/12.3.1/../../../../arm-none-eabi/lib/thumb/v6-m/nofp\libc_nano.a(libc_a-strlen.o)
                0x08000108                strlen
 *fill*         0x08000116        0x2 
 .text          0x08000118      0x114 C:/ST/STM32CubeIDE_1.17.0/STM32CubeIDE/plugins/com.st.stm32cube.ide.mcu.externaltools.gnu-tools-for-stm32.12.3.rel1.win32_1.1.0.202410251130/tools/bin/../lib/gcc/arm-none-eabi/12.3.1/thumb/v6-m/nofp\libgcc.a(_udivsi3.o)
                0x08000118                __aeabi_uidiv
                0x08000118                __udivsi3
                0x08000224                __aeabi_uidivmod
 .text          0x0800022c      0x1d4 C:/ST/STM32CubeIDE_1.17.0/STM32CubeIDE/plugins/com.st.stm32cube.ide.mcu.externaltools.gnu-tools-for-stm32.12.3.rel1.win32_1.1.0.202410251130/tools/bin/../lib/gcc/arm-none-eabi/12.3.1/thumb/v6-m/nofp\libgcc.a(_divsi3.o)
                0x0800022c                __divsi3
                0x0800022c                __aeabi_idiv
                0x080003f8                __aeabi_idivmod
 .text          0x08000400        0x4 C:/ST/STM32CubeIDE_1.17.0/STM32CubeIDE/plugins/com.st.stm32cube.ide.mcu.externaltools.gnu-tools-for-stm32.12.3.rel1.win32_1.1.0.202410251130/tools/bin/../lib/gcc/arm-none-eabi/12.3.1/thumb/v6-m/nofp\libgcc.a(_dvmd_tls.o)
                0x08000400                __aeabi_idiv0
                0x08000400                __aeabi_ldiv0
 .text          0x08000404       0x40 C:/ST/STM32CubeIDE_1.17.0/STM32CubeIDE/plugins/com.st.stm32cube.ide.mcu.externaltools.gnu-tools-for-stm32.12.3.rel1.win32_1.1.0.202410251130/tools/bin/../lib/gcc/arm-none-eabi/12.3.1/thumb/v6-m/nofp\libgcc.a(_aeabi_uldivmod.o)
                0x08000404                __aeabi_uldivmod
 .text          0x08000444      0x198 C:/ST/STM32CubeIDE_1.17.0/STM32CubeIDE/plugins/com.st.stm32cube.ide.mcu.externaltools.gnu-tools-for-stm32.12.3.rel1.win32_1.1.0.202410251130/tools/bin/../lib/gcc/arm-none-eabi/12.3.1/thumb/v6-m/nofp\libgcc.a(_udivmoddi4.o)
                0x08000444                __udivmoddi4
 .text          0x080005dc       0x18 C:/ST/STM32CubeIDE_1.17.0/STM32CubeIDE/plugins/com.st.stm32cube.ide.mcu.externaltools.gnu-tools-for-stm32.12.3.rel1.win32_1.1.0.202410251130/tools/bin/../lib/gcc/arm-none-eabi/12.3.1/thumb/v6-m/nofp\libgcc.a(_clzdi2.o)
                0x080005dc                __clzdi2
 .text          0x080005f4       0x3c C:/ST/STM32CubeIDE_1.17.0/STM32CubeIDE/plugins/com.st.stm32cube.ide.mcu.externaltools.gnu-tools-for-stm32.12.3.rel1.win32_1.1.0.202410251130/tools/bin/../lib/gcc/arm-none-eabi/12.3.1/thumb/v6-m/nofp\libgcc.a(_clzsi2.o)
                0x080005f4                __clzsi2
 *(.text*)
 .text.uart_print
                0x08000630       0x2c ./Core/Src/main.o
 .text.main     0x0800065c      0x134 ./Core/Src/main.o
                0x0800065c                main
 .text.SystemClock_Config
                0x08000790       0x90 ./Core/Src/main.o
                0x08000790                SystemClock_Config
 .text.MX_USART2_UART_Init
                0x08000820       0x9c ./Core/Src/main.o
 .text.MX_GPIO_Init
                0x080008bc       0xc8 ./Core/Src/main.o
 .text.StartDefaultTask
                0x08000984       0x10 ./Core/Src/main.o
                0x08000984                StartDefaultTask
 .text.StartTASK1
                0x08000994       0x10 ./Core/Src/main.o
                0x08000994                StartTASK1
 .text.StartTASK2
                0x080009a4       0x10 ./Core/Src/main.o
                0x080009a4                StartTASK2
 .text.StartLP  0x080009b4       0x74 ./Core/Src/main.o
                0x080009b4                StartLP
 .text.StartMP  0x08000a28       0x54 ./Core/Src/main.o
                0x08000a28                StartMP
 .text.StartHP  0x08000a7c       0x7c ./Core/Src/main.o
                0x08000a7c                StartHP
 .text.HAL_TIM_PeriodElapsedCallback
                0x08000af8       0x24 ./Core/Src/main.o
                0x08000af8                HAL_TIM_PeriodElapsedCallback
 .text.Error_Handler
                0x08000b1c        0xc ./Core/Src/main.o
                0x08000b1c                Error_Handler
 .text.HAL_MspInit
                0x08000b28       0x60 ./Core/Src/stm32g0xx_hal_msp.o
                0x08000b28                HAL_MspInit
 .text.HAL_UART_MspInit
                0x08000b88       0xc0 ./Core/Src/stm32g0xx_hal_msp.o
                0x08000b88                HAL_UART_MspInit
 .text.HAL_InitTick
                0x08000c48      0x108 ./Core/Src/stm32g0xx_hal_timebase_tim.o
                0x08000c48                HAL_InitTick
 .text.NMI_Handler
                0x08000d50        0x8 ./Core/Src/stm32g0xx_it.o
                0x08000d50                NMI_Handler
 .text.HardFault_Handler
                0x08000d58        0x8 ./Core/Src/stm32g0xx_it.o
                0x08000d58                HardFault_Handler
 .text.TIM6_DAC_LPTIM1_IRQHandler
                0x08000d60       0x18 ./Core/Src/stm32g0xx_it.o
                0x08000d60                TIM6_DAC_LPTIM1_IRQHandler
 .text.SystemInit
                0x08000d78        0xa ./Core/Src/system_stm32g0xx.o
                0x08000d78                SystemInit
 *fill*         0x08000d82        0x2 
 .text.Reset_Handler
                0x08000d84       0x50 ./Core/Startup/startup_stm32g0b1retx.o
                0x08000d84                Reset_Handler
 .text.Default_Handler
                0x08000dd4        0x2 ./Core/Startup/startup_stm32g0b1retx.o
                0x08000dd4                I2C2_3_IRQHandler
                0x08000dd4                USART3_4_5_6_LPUART1_IRQHandler
                0x08000dd4                TIM1_CC_IRQHandler
                0x08000dd4                ADC1_COMP_IRQHandler
                0x08000dd4                I2C1_IRQHandler
                0x08000dd4                TIM7_LPTIM2_IRQHandler
                0x08000dd4                TIM17_FDCAN_IT1_IRQHandler
                0x08000dd4                DMA1_Ch4_7_DMA2_Ch1_5_DMAMUX1_OVR_IRQHandler
                0x08000dd4                RCC_CRS_IRQHandler
                0x08000dd4                RTC_TAMP_IRQHandler
                0x08000dd4                SPI1_IRQHandler
                0x08000dd4                USB_UCPD1_2_IRQHandler
                0x08000dd4                EXTI2_3_IRQHandler
                0x08000dd4                USART2_LPUART2_IRQHandler
                0x08000dd4                PVD_VDDIO2_IRQHandler
                0x08000dd4                EXTI4_15_IRQHandler
                0x08000dd4                DMA1_Channel1_IRQHandler
                0x08000dd4                Default_Handler
                0x08000dd4                CEC_IRQHandler
                0x08000dd4                TIM14_IRQHandler
                0x08000dd4                TIM15_IRQHandler
                0x08000dd4                TIM3_TIM4_IRQHandler
                0x08000dd4                EXTI0_1_IRQHandler
                0x08000dd4                SPI2_3_IRQHandler
                0x08000dd4                WWDG_IRQHandler
                0x08000dd4                TIM2_IRQHandler
                0x08000dd4                DMA1_Channel2_3_IRQHandler
                0x08000dd4                FLASH_IRQHandler
                0x08000dd4                USART1_IRQHandler
                0x08000dd4                TIM16_FDCAN_IT0_IRQHandler
                0x08000dd4                TIM1_BRK_UP_TRG_COM_IRQHandler
 *fill*         0x08000dd6        0x2 
 .text.HAL_Init
                0x08000dd8       0x40 ./Drivers/STM32G0xx_HAL_Driver/Src/stm32g0xx_hal.o
                0x08000dd8                HAL_Init
 .text.HAL_IncTick
                0x08000e18       0x24 ./Drivers/STM32G0xx_HAL_Driver/Src/stm32g0xx_hal.o
                0x08000e18                HAL_IncTick
 .text.HAL_GetTick
                0x08000e3c       0x14 ./Drivers/STM32G0xx_HAL_Driver/Src/stm32g0xx_hal.o
                0x08000e3c                HAL_GetTick
 .text.HAL_Delay
                0x08000e50       0x48 ./Drivers/STM32G0xx_HAL_Driver/Src/stm32g0xx_hal.o
                0x08000e50                HAL_Delay
 .text.HAL_SYSCFG_StrobeDBattpinsConfig
                0x08000e98       0x2c ./Drivers/STM32G0xx_HAL_Driver/Src/stm32g0xx_hal.o
                0x08000e98                HAL_SYSCFG_StrobeDBattpinsConfig
 .text.__NVIC_EnableIRQ
                0x08000ec4       0x34 ./Drivers/STM32G0xx_HAL_Driver/Src/stm32g0xx_hal_cortex.o
 .text.__NVIC_SetPriority
                0x08000ef8       0xdc ./Drivers/STM32G0xx_HAL_Driver/Src/stm32g0xx_hal_cortex.o
 .text.HAL_NVIC_SetPriority
                0x08000fd4       0x2a ./Drivers/STM32G0xx_HAL_Driver/Src/stm32g0xx_hal_cortex.o
                0x08000fd4                HAL_NVIC_SetPriority
 .text.HAL_NVIC_EnableIRQ
                0x08000ffe       0x20 ./Drivers/STM32G0xx_HAL_Driver/Src/stm32g0xx_hal_cortex.o
                0x08000ffe                HAL_NVIC_EnableIRQ
 *fill*         0x0800101e        0x2 
 .text.HAL_GPIO_Init
                0x08001020      0x2d8 ./Drivers/STM32G0xx_HAL_Driver/Src/stm32g0xx_hal_gpio.o
                0x08001020                HAL_GPIO_Init
 .text.HAL_GPIO_WritePin
                0x080012f8       0x3a ./Drivers/STM32G0xx_HAL_Driver/Src/stm32g0xx_hal_gpio.o
                0x080012f8                HAL_GPIO_WritePin
 *fill*         0x08001332        0x2 
 .text.HAL_PWREx_ControlVoltageScaling
                0x08001334       0x80 ./Drivers/STM32G0xx_HAL_Driver/Src/stm32g0xx_hal_pwr_ex.o
                0x08001334                HAL_PWREx_ControlVoltageScaling
 .text.LL_RCC_GetAPB1Prescaler
                0x080013b4       0x18 ./Drivers/STM32G0xx_HAL_Driver/Src/stm32g0xx_hal_rcc.o
 .text.HAL_RCC_OscConfig
                0x080013cc      0x6c0 ./Drivers/STM32G0xx_HAL_Driver/Src/stm32g0xx_hal_rcc.o
                0x080013cc                HAL_RCC_OscConfig
 .text.HAL_RCC_ClockConfig
                0x08001a8c      0x210 ./Drivers/STM32G0xx_HAL_Driver/Src/stm32g0xx_hal_rcc.o
                0x08001a8c                HAL_RCC_ClockConfig
 .text.HAL_RCC_GetSysClockFreq
                0x08001c9c      0x104 ./Drivers/STM32G0xx_HAL_Driver/Src/stm32g0xx_hal_rcc.o
                0x08001c9c                HAL_RCC_GetSysClockFreq
 .text.HAL_RCC_GetHCLKFreq
                0x08001da0       0x14 ./Drivers/STM32G0xx_HAL_Driver/Src/stm32g0xx_hal_rcc.o
                0x08001da0                HAL_RCC_GetHCLKFreq
 .text.HAL_RCC_GetPCLK1Freq
                0x08001db4       0x2c ./Drivers/STM32G0xx_HAL_Driver/Src/stm32g0xx_hal_rcc.o
                0x08001db4                HAL_RCC_GetPCLK1Freq
 .text.HAL_RCC_GetClockConfig
                0x08001de0       0x54 ./Drivers/STM32G0xx_HAL_Driver/Src/stm32g0xx_hal_rcc.o
                0x08001de0                HAL_RCC_GetClockConfig
 .text.HAL_RCCEx_PeriphCLKConfig
                0x08001e34      0x478 ./Drivers/STM32G0xx_HAL_Driver/Src/stm32g0xx_hal_rcc_ex.o
                0x08001e34                HAL_RCCEx_PeriphCLKConfig
 .text.HAL_TIM_Base_Init
                0x080022ac       0xb0 ./Drivers/STM32G0xx_HAL_Driver/Src/stm32g0xx_hal_tim.o
                0x080022ac                HAL_TIM_Base_Init
 .text.HAL_TIM_Base_MspInit
                0x0800235c       0x10 ./Drivers/STM32G0xx_HAL_Driver/Src/stm32g0xx_hal_tim.o
                0x0800235c                HAL_TIM_Base_MspInit
 .text.HAL_TIM_Base_Start_IT
                0x0800236c       0xc4 ./Drivers/STM32G0xx_HAL_Driver/Src/stm32g0xx_hal_tim.o
                0x0800236c                HAL_TIM_Base_Start_IT
 .text.HAL_TIM_IRQHandler
                0x08002430      0x210 ./Drivers/STM32G0xx_HAL_Driver/Src/stm32g0xx_hal_tim.o
                0x08002430                HAL_TIM_IRQHandler
 .text.HAL_TIM_OC_DelayElapsedCallback
                0x08002640       0x10 ./Drivers/STM32G0xx_HAL_Driver/Src/stm32g0xx_hal_tim.o
                0x08002640                HAL_TIM_OC_DelayElapsedCallback
 .text.HAL_TIM_IC_CaptureCallback
                0x08002650       0x10 ./Drivers/STM32G0xx_HAL_Driver/Src/stm32g0xx_hal_tim.o
                0x08002650                HAL_TIM_IC_CaptureCallback
 .text.HAL_TIM_PWM_PulseFinishedCallback
                0x08002660       0x10 ./Drivers/STM32G0xx_HAL_Driver/Src/stm32g0xx_hal_tim.o
                0x08002660                HAL_TIM_PWM_PulseFinishedCallback
 .text.HAL_TIM_TriggerCallback
                0x08002670       0x10 ./Drivers/STM32G0xx_HAL_Driver/Src/stm32g0xx_hal_tim.o
                0x08002670                HAL_TIM_TriggerCallback
 .text.TIM_Base_SetConfig
                0x08002680      0x128 ./Drivers/STM32G0xx_HAL_Driver/Src/stm32g0xx_hal_tim.o
                0x08002680                TIM_Base_SetConfig
 .text.HAL_TIMEx_CommutCallback
                0x080027a8       0x10 ./Drivers/STM32G0xx_HAL_Driver/Src/stm32g0xx_hal_tim_ex.o
                0x080027a8                HAL_TIMEx_CommutCallback
 .text.HAL_TIMEx_BreakCallback
                0x080027b8       0x10 ./Drivers/STM32G0xx_HAL_Driver/Src/stm32g0xx_hal_tim_ex.o
                0x080027b8                HAL_TIMEx_BreakCallback
 .text.HAL_TIMEx_Break2Callback
                0x080027c8       0x10 ./Drivers/STM32G0xx_HAL_Driver/Src/stm32g0xx_hal_tim_ex.o
                0x080027c8                HAL_TIMEx_Break2Callback
 .text.HAL_UART_Init
                0x080027d8       0xac ./Drivers/STM32G0xx_HAL_Driver/Src/stm32g0xx_hal_uart.o
                0x080027d8                HAL_UART_Init
 .text.HAL_UART_Transmit
                0x08002884      0x15c ./Drivers/STM32G0xx_HAL_Driver/Src/stm32g0xx_hal_uart.o
                0x08002884                HAL_UART_Transmit
 .text.UART_SetConfig
                0x080029e0      0x6ac ./Drivers/STM32G0xx_HAL_Driver/Src/stm32g0xx_hal_uart.o
                0x080029e0                UART_SetConfig
 .text.UART_AdvFeatureConfig
                0x0800308c      0x168 ./Drivers/STM32G0xx_HAL_Driver/Src/stm32g0xx_hal_uart.o
                0x0800308c                UART_AdvFeatureConfig
 .text.UART_CheckIdleState
                0x080031f4      0x154 ./Drivers/STM32G0xx_HAL_Driver/Src/stm32g0xx_hal_uart.o
                0x080031f4                UART_CheckIdleState
 .text.UART_WaitOnFlagUntilTimeout
                0x08003348       0xde ./Drivers/STM32G0xx_HAL_Driver/Src/stm32g0xx_hal_uart.o
                0x08003348                UART_WaitOnFlagUntilTimeout
 *fill*         0x08003426        0x2 
 .text.UART_EndRxTransfer
                0x08003428       0xcc ./Drivers/STM32G0xx_HAL_Driver/Src/stm32g0xx_hal_uart.o
 .text.HAL_UARTEx_DisableFifoMode
                0x080034f4       0x74 ./Drivers/STM32G0xx_HAL_Driver/Src/stm32g0xx_hal_uart_ex.o
                0x080034f4                HAL_UARTEx_DisableFifoMode
 .text.HAL_UARTEx_SetTxFifoThreshold
                0x08003568       0x7e ./Drivers/STM32G0xx_HAL_Driver/Src/stm32g0xx_hal_uart_ex.o
                0x08003568                HAL_UARTEx_SetTxFifoThreshold
 *fill*         0x080035e6        0x2 
 .text.HAL_UARTEx_SetRxFifoThreshold
                0x080035e8       0x84 ./Drivers/STM32G0xx_HAL_Driver/Src/stm32g0xx_hal_uart_ex.o
                0x080035e8                HAL_UARTEx_SetRxFifoThreshold
 .text.UARTEx_SetNbDataToProcess
                0x0800366c       0xbc ./Drivers/STM32G0xx_HAL_Driver/Src/stm32g0xx_hal_uart_ex.o
 .text.__NVIC_SetPriority
                0x08003728       0xdc ./Middlewares/Third_Party/FreeRTOS/Source/CMSIS_RTOS_V2/cmsis_os2.o
 .text.SysTick_Handler
                0x08003804       0x20 ./Middlewares/Third_Party/FreeRTOS/Source/CMSIS_RTOS_V2/cmsis_os2.o
                0x08003804                SysTick_Handler
 .text.SVC_Setup
                0x08003824       0x16 ./Middlewares/Third_Party/FreeRTOS/Source/CMSIS_RTOS_V2/cmsis_os2.o
 *fill*         0x0800383a        0x2 
 .text.osKernelInitialize
                0x0800383c       0x44 ./Middlewares/Third_Party/FreeRTOS/Source/CMSIS_RTOS_V2/cmsis_os2.o
                0x0800383c                osKernelInitialize
 .text.osKernelStart
                0x08003880       0x4c ./Middlewares/Third_Party/FreeRTOS/Source/CMSIS_RTOS_V2/cmsis_os2.o
                0x08003880                osKernelStart
 .text.osThreadNew
                0x080038cc      0x12c ./Middlewares/Third_Party/FreeRTOS/Source/CMSIS_RTOS_V2/cmsis_os2.o
                0x080038cc                osThreadNew
 .text.osThreadExit
                0x080039f8        0xe ./Middlewares/Third_Party/FreeRTOS/Source/CMSIS_RTOS_V2/cmsis_os2.o
                0x080039f8                osThreadExit
 .text.osDelay  0x08003a06       0x38 ./Middlewares/Third_Party/FreeRTOS/Source/CMSIS_RTOS_V2/cmsis_os2.o
                0x08003a06                osDelay
 .text.osMutexNew
                0x08003a3e      0x118 ./Middlewares/Third_Party/FreeRTOS/Source/CMSIS_RTOS_V2/cmsis_os2.o
                0x08003a3e                osMutexNew
 .text.osMutexAcquire
                0x08003b56       0x9e ./Middlewares/Third_Party/FreeRTOS/Source/CMSIS_RTOS_V2/cmsis_os2.o
                0x08003b56                osMutexAcquire
 .text.osMutexRelease
                0x08003bf4       0x7c ./Middlewares/Third_Party/FreeRTOS/Source/CMSIS_RTOS_V2/cmsis_os2.o
                0x08003bf4                osMutexRelease
 .text.osSemaphoreNew
                0x08003c70      0x128 ./Middlewares/Third_Party/FreeRTOS/Source/CMSIS_RTOS_V2/cmsis_os2.o
                0x08003c70                osSemaphoreNew
 .text.vApplicationGetIdleTaskMemory
                0x08003d98       0x30 ./Middlewares/Third_Party/FreeRTOS/Source/CMSIS_RTOS_V2/cmsis_os2.o
                0x08003d98                vApplicationGetIdleTaskMemory
 .text.vApplicationGetTimerTaskMemory
                0x08003dc8       0x30 ./Middlewares/Third_Party/FreeRTOS/Source/CMSIS_RTOS_V2/cmsis_os2.o
                0x08003dc8                vApplicationGetTimerTaskMemory
 .text.vListInitialise
                0x08003df8       0x3c ./Middlewares/Third_Party/FreeRTOS/Source/list.o
                0x08003df8                vListInitialise
 .text.vListInitialiseItem
                0x08003e34       0x16 ./Middlewares/Third_Party/FreeRTOS/Source/list.o
                0x08003e34                vListInitialiseItem
 .text.vListInsertEnd
                0x08003e4a       0x44 ./Middlewares/Third_Party/FreeRTOS/Source/list.o
                0x08003e4a                vListInsertEnd
 .text.vListInsert
                0x08003e8e       0x6c ./Middlewares/Third_Party/FreeRTOS/Source/list.o
                0x08003e8e                vListInsert
 .text.uxListRemove
                0x08003efa       0x50 ./Middlewares/Third_Party/FreeRTOS/Source/list.o
                0x08003efa                uxListRemove
 .text.xQueueGenericReset
                0x08003f4a       0xaa ./Middlewares/Third_Party/FreeRTOS/Source/queue.o
                0x08003f4a                xQueueGenericReset
 .text.xQueueGenericCreateStatic
                0x08003ff4       0xa2 ./Middlewares/Third_Party/FreeRTOS/Source/queue.o
                0x08003ff4                xQueueGenericCreateStatic
 .text.xQueueGenericCreate
                0x08004096       0x66 ./Middlewares/Third_Party/FreeRTOS/Source/queue.o
                0x08004096                xQueueGenericCreate
 .text.prvInitialiseNewQueue
                0x080040fc       0x4e ./Middlewares/Third_Party/FreeRTOS/Source/queue.o
 .text.prvInitialiseMutex
                0x0800414a       0x34 ./Middlewares/Third_Party/FreeRTOS/Source/queue.o
 .text.xQueueCreateMutex
                0x0800417e       0x38 ./Middlewares/Third_Party/FreeRTOS/Source/queue.o
                0x0800417e                xQueueCreateMutex
 .text.xQueueCreateMutexStatic
                0x080041b6       0x40 ./Middlewares/Third_Party/FreeRTOS/Source/queue.o
                0x080041b6                xQueueCreateMutexStatic
 .text.xQueueGiveMutexRecursive
                0x080041f6       0x58 ./Middlewares/Third_Party/FreeRTOS/Source/queue.o
                0x080041f6                xQueueGiveMutexRecursive
 .text.xQueueTakeMutexRecursive
                0x0800424e       0x62 ./Middlewares/Third_Party/FreeRTOS/Source/queue.o
                0x0800424e                xQueueTakeMutexRecursive
 .text.xQueueCreateCountingSemaphoreStatic
                0x080042b0       0x50 ./Middlewares/Third_Party/FreeRTOS/Source/queue.o
                0x080042b0                xQueueCreateCountingSemaphoreStatic
 .text.xQueueCreateCountingSemaphore
                0x08004300       0x4a ./Middlewares/Third_Party/FreeRTOS/Source/queue.o
                0x08004300                xQueueCreateCountingSemaphore
 .text.xQueueGenericSend
                0x0800434a      0x190 ./Middlewares/Third_Party/FreeRTOS/Source/queue.o
                0x0800434a                xQueueGenericSend
 .text.xQueueGenericSendFromISR
                0x080044da       0xee ./Middlewares/Third_Party/FreeRTOS/Source/queue.o
                0x080044da                xQueueGenericSendFromISR
 .text.xQueueReceive
                0x080045c8      0x170 ./Middlewares/Third_Party/FreeRTOS/Source/queue.o
                0x080045c8                xQueueReceive
 .text.xQueueSemaphoreTake
                0x08004738      0x1bc ./Middlewares/Third_Party/FreeRTOS/Source/queue.o
                0x08004738                xQueueSemaphoreTake
 .text.vQueueDelete
                0x080048f4       0x3a ./Middlewares/Third_Party/FreeRTOS/Source/queue.o
                0x080048f4                vQueueDelete
 .text.prvGetDisinheritPriorityAfterTimeout
                0x0800492e       0x2c ./Middlewares/Third_Party/FreeRTOS/Source/queue.o
 .text.prvCopyDataToQueue
                0x0800495a       0xd6 ./Middlewares/Third_Party/FreeRTOS/Source/queue.o
 .text.prvCopyDataFromQueue
                0x08004a30       0x4c ./Middlewares/Third_Party/FreeRTOS/Source/queue.o
 .text.prvUnlockQueue
                0x08004a7c       0xbc ./Middlewares/Third_Party/FreeRTOS/Source/queue.o
 .text.prvIsQueueEmpty
                0x08004b38       0x2c ./Middlewares/Third_Party/FreeRTOS/Source/queue.o
 .text.prvIsQueueFull
                0x08004b64       0x30 ./Middlewares/Third_Party/FreeRTOS/Source/queue.o
 .text.vQueueAddToRegistry
                0x08004b94       0x50 ./Middlewares/Third_Party/FreeRTOS/Source/queue.o
                0x08004b94                vQueueAddToRegistry
 .text.vQueueUnregisterQueue
                0x08004be4       0x54 ./Middlewares/Third_Party/FreeRTOS/Source/queue.o
                0x08004be4                vQueueUnregisterQueue
 .text.vQueueWaitForMessageRestricted
                0x08004c38       0x66 ./Middlewares/Third_Party/FreeRTOS/Source/queue.o
                0x08004c38                vQueueWaitForMessageRestricted
 .text.xTaskCreateStatic
                0x08004c9e       0x8e ./Middlewares/Third_Party/FreeRTOS/Source/tasks.o
                0x08004c9e                xTaskCreateStatic
 .text.xTaskCreate
                0x08004d2c       0x98 ./Middlewares/Third_Party/FreeRTOS/Source/tasks.o
                0x08004d2c                xTaskCreate
 .text.prvInitialiseNewTask
                0x08004dc4      0x144 ./Middlewares/Third_Party/FreeRTOS/Source/tasks.o
 .text.prvAddNewTaskToReadyList
                0x08004f08       0xd0 ./Middlewares/Third_Party/FreeRTOS/Source/tasks.o
 .text.vTaskDelete
                0x08004fd8       0xc8 ./Middlewares/Third_Party/FreeRTOS/Source/tasks.o
                0x08004fd8                vTaskDelete
 .text.vTaskDelay
                0x080050a0       0x4c ./Middlewares/Third_Party/FreeRTOS/Source/tasks.o
                0x080050a0                vTaskDelay
 .text.vTaskStartScheduler
                0x080050ec       0xc0 ./Middlewares/Third_Party/FreeRTOS/Source/tasks.o
                0x080050ec                vTaskStartScheduler
 .text.vTaskSuspendAll
                0x080051ac       0x18 ./Middlewares/Third_Party/FreeRTOS/Source/tasks.o
                0x080051ac                vTaskSuspendAll
 .text.xTaskResumeAll
                0x080051c4      0x118 ./Middlewares/Third_Party/FreeRTOS/Source/tasks.o
                0x080051c4                xTaskResumeAll
 .text.xTaskGetTickCount
                0x080052dc       0x1c ./Middlewares/Third_Party/FreeRTOS/Source/tasks.o
                0x080052dc                xTaskGetTickCount
 .text.xTaskIncrementTick
                0x080052f8      0x160 ./Middlewares/Third_Party/FreeRTOS/Source/tasks.o
                0x080052f8                xTaskIncrementTick
 .text.vTaskSwitchContext
                0x08005458       0xb4 ./Middlewares/Third_Party/FreeRTOS/Source/tasks.o
                0x08005458                vTaskSwitchContext
 .text.vTaskPlaceOnEventList
                0x0800550c       0x40 ./Middlewares/Third_Party/FreeRTOS/Source/tasks.o
                0x0800550c                vTaskPlaceOnEventList
 .text.vTaskPlaceOnEventListRestricted
                0x0800554c       0x50 ./Middlewares/Third_Party/FreeRTOS/Source/tasks.o
                0x0800554c                vTaskPlaceOnEventListRestricted
 .text.xTaskRemoveFromEventList
                0x0800559c       0xbc ./Middlewares/Third_Party/FreeRTOS/Source/tasks.o
                0x0800559c                xTaskRemoveFromEventList
 .text.vTaskInternalSetTimeOutState
                0x08005658       0x28 ./Middlewares/Third_Party/FreeRTOS/Source/tasks.o
                0x08005658                vTaskInternalSetTimeOutState
 .text.xTaskCheckForTimeOut
                0x08005680       0xa4 ./Middlewares/Third_Party/FreeRTOS/Source/tasks.o
                0x08005680                xTaskCheckForTimeOut
 .text.vTaskMissedYield
                0x08005724       0x14 ./Middlewares/Third_Party/FreeRTOS/Source/tasks.o
                0x08005724                vTaskMissedYield
 .text.prvIdleTask
                0x08005738       0x20 ./Middlewares/Third_Party/FreeRTOS/Source/tasks.o
 .text.prvInitialiseTaskLists
                0x08005758       0x88 ./Middlewares/Third_Party/FreeRTOS/Source/tasks.o
 .text.prvCheckTasksWaitingTermination
                0x080057e0       0x5c ./Middlewares/Third_Party/FreeRTOS/Source/tasks.o
 .text.prvDeleteTCB
                0x0800583c       0x5c ./Middlewares/Third_Party/FreeRTOS/Source/tasks.o
 .text.prvResetNextTaskUnblockTime
                0x08005898       0x3c ./Middlewares/Third_Party/FreeRTOS/Source/tasks.o
 .text.xTaskGetCurrentTaskHandle
                0x080058d4       0x1c ./Middlewares/Third_Party/FreeRTOS/Source/tasks.o
                0x080058d4                xTaskGetCurrentTaskHandle
 .text.xTaskGetSchedulerState
                0x080058f0       0x38 ./Middlewares/Third_Party/FreeRTOS/Source/tasks.o
                0x080058f0                xTaskGetSchedulerState
 .text.xTaskPriorityInherit
                0x08005928       0xd0 ./Middlewares/Third_Party/FreeRTOS/Source/tasks.o
                0x08005928                xTaskPriorityInherit
 .text.xTaskPriorityDisinherit
                0x080059f8       0xbc ./Middlewares/Third_Party/FreeRTOS/Source/tasks.o
                0x080059f8                xTaskPriorityDisinherit
 .text.vTaskPriorityDisinheritAfterTimeout
                0x08005ab4       0xe4 ./Middlewares/Third_Party/FreeRTOS/Source/tasks.o
                0x08005ab4                vTaskPriorityDisinheritAfterTimeout
 .text.pvTaskIncrementMutexHeldCount
                0x08005b98       0x24 ./Middlewares/Third_Party/FreeRTOS/Source/tasks.o
                0x08005b98                pvTaskIncrementMutexHeldCount
 .text.prvAddCurrentTaskToDelayedList
                0x08005bbc       0xa8 ./Middlewares/Third_Party/FreeRTOS/Source/tasks.o
 .text.xTimerCreateTimerTask
                0x08005c64       0x80 ./Middlewares/Third_Party/FreeRTOS/Source/timers.o
                0x08005c64                xTimerCreateTimerTask
 .text.xTimerGenericCommand
                0x08005ce4       0x98 ./Middlewares/Third_Party/FreeRTOS/Source/timers.o
                0x08005ce4                xTimerGenericCommand
 .text.prvProcessExpiredTimer
                0x08005d7c       0x8c ./Middlewares/Third_Party/FreeRTOS/Source/timers.o
 .text.prvTimerTask
                0x08005e08       0x2a ./Middlewares/Third_Party/FreeRTOS/Source/timers.o
 *fill*         0x08005e32        0x2 
 .text.prvProcessTimerOrBlockTask
                0x08005e34       0x90 ./Middlewares/Third_Party/FreeRTOS/Source/timers.o
 .text.prvGetNextExpireTime
                0x08005ec4       0x44 ./Middlewares/Third_Party/FreeRTOS/Source/timers.o
 .text.prvSampleTimeNow
                0x08005f08       0x40 ./Middlewares/Third_Party/FreeRTOS/Source/timers.o
 .text.prvInsertTimerInActiveList
                0x08005f48       0x84 ./Middlewares/Third_Party/FreeRTOS/Source/timers.o
 .text.prvProcessReceivedCommands
                0x08005fcc      0x194 ./Middlewares/Third_Party/FreeRTOS/Source/timers.o
 .text.prvSwitchTimerLists
                0x08006160       0xbc ./Middlewares/Third_Party/FreeRTOS/Source/timers.o
 .text.prvCheckForValidListAndQueue
                0x0800621c       0x84 ./Middlewares/Third_Party/FreeRTOS/Source/timers.o
 .text.pxPortInitialiseStack
                0x080062a0       0x54 ./Middlewares/Third_Party/FreeRTOS/Source/portable/GCC/ARM_CM0/port.o
                0x080062a0                pxPortInitialiseStack
 .text.prvTaskExitError
                0x080062f4       0x30 ./Middlewares/Third_Party/FreeRTOS/Source/portable/GCC/ARM_CM0/port.o
 .text.SVC_Handler
                0x08006324        0xa ./Middlewares/Third_Party/FreeRTOS/Source/portable/GCC/ARM_CM0/port.o
                0x08006324                SVC_Handler
 *fill*         0x0800632e        0x2 
 .text.vPortStartFirstTask
                0x08006330       0x38 ./Middlewares/Third_Party/FreeRTOS/Source/portable/GCC/ARM_CM0/port.o
 .text.xPortStartScheduler
                0x08006368       0x48 ./Middlewares/Third_Party/FreeRTOS/Source/portable/GCC/ARM_CM0/port.o
                0x08006368                xPortStartScheduler
 .text.vPortYield
                0x080063b0       0x20 ./Middlewares/Third_Party/FreeRTOS/Source/portable/GCC/ARM_CM0/port.o
                0x080063b0                vPortYield
 .text.vPortEnterCritical
                0x080063d0       0x24 ./Middlewares/Third_Party/FreeRTOS/Source/portable/GCC/ARM_CM0/port.o
                0x080063d0                vPortEnterCritical
 .text.vPortExitCritical
                0x080063f4       0x30 ./Middlewares/Third_Party/FreeRTOS/Source/portable/GCC/ARM_CM0/port.o
                0x080063f4                vPortExitCritical
 .text.ulSetInterruptMaskFromISR
                0x08006424        0xc ./Middlewares/Third_Party/FreeRTOS/Source/portable/GCC/ARM_CM0/port.o
                0x08006424                ulSetInterruptMaskFromISR
 .text.vClearInterruptMaskFromISR
                0x08006430        0x8 ./Middlewares/Third_Party/FreeRTOS/Source/portable/GCC/ARM_CM0/port.o
                0x08006430                vClearInterruptMaskFromISR
 *fill*         0x08006438        0x8 
 .text.PendSV_Handler
                0x08006440       0x48 ./Middlewares/Third_Party/FreeRTOS/Source/portable/GCC/ARM_CM0/port.o
                0x08006440                PendSV_Handler
 .text.xPortSysTickHandler
                0x08006488       0x34 ./Middlewares/Third_Party/FreeRTOS/Source/portable/GCC/ARM_CM0/port.o
                0x08006488                xPortSysTickHandler
 .text.vPortSetupTimerInterrupt
                0x080064bc       0x44 ./Middlewares/Third_Party/FreeRTOS/Source/portable/GCC/ARM_CM0/port.o
                0x080064bc                vPortSetupTimerInterrupt
 .text.pvPortMalloc
                0x08006500      0x160 ./Middlewares/Third_Party/FreeRTOS/Source/portable/MemMang/heap_4.o
                0x08006500                pvPortMalloc
 .text.vPortFree
                0x08006660       0xa0 ./Middlewares/Third_Party/FreeRTOS/Source/portable/MemMang/heap_4.o
                0x08006660                vPortFree
 .text.prvHeapInit
                0x08006700       0xc0 ./Middlewares/Third_Party/FreeRTOS/Source/portable/MemMang/heap_4.o
 .text.prvInsertBlockIntoFreeList
                0x080067c0       0xb0 ./Middlewares/Third_Party/FreeRTOS/Source/portable/MemMang/heap_4.o
 .text.memset   0x08006870       0x10 C:/ST/STM32CubeIDE_1.17.0/STM32CubeIDE/plugins/com.st.stm32cube.ide.mcu.externaltools.gnu-tools-for-stm32.12.3.rel1.win32_1.1.0.202410251130/tools/bin/../lib/gcc/arm-none-eabi/12.3.1/../../../../arm-none-eabi/lib/thumb/v6-m/nofp\libc_nano.a(libc_a-memset.o)
                0x08006870                memset
 .text._reclaim_reent
                0x08006880       0xc0 C:/ST/STM32CubeIDE_1.17.0/STM32CubeIDE/plugins/com.st.stm32cube.ide.mcu.externaltools.gnu-tools-for-stm32.12.3.rel1.win32_1.1.0.202410251130/tools/bin/../lib/gcc/arm-none-eabi/12.3.1/../../../../arm-none-eabi/lib/thumb/v6-m/nofp\libc_nano.a(libc_a-reent.o)
                0x08006880                _reclaim_reent
 .text.__libc_init_array
                0x08006940       0x48 C:/ST/STM32CubeIDE_1.17.0/STM32CubeIDE/plugins/com.st.stm32cube.ide.mcu.externaltools.gnu-tools-for-stm32.12.3.rel1.win32_1.1.0.202410251130/tools/bin/../lib/gcc/arm-none-eabi/12.3.1/../../../../arm-none-eabi/lib/thumb/v6-m/nofp\libc_nano.a(libc_a-init.o)
                0x08006940                __libc_init_array
 .text.__retarget_lock_acquire_recursive
                0x08006988        0x2 C:/ST/STM32CubeIDE_1.17.0/STM32CubeIDE/plugins/com.st.stm32cube.ide.mcu.externaltools.gnu-tools-for-stm32.12.3.rel1.win32_1.1.0.202410251130/tools/bin/../lib/gcc/arm-none-eabi/12.3.1/../../../../arm-none-eabi/lib/thumb/v6-m/nofp\libc_nano.a(libc_a-lock.o)
                0x08006988                __retarget_lock_acquire_recursive
 .text.__retarget_lock_release_recursive
                0x0800698a        0x2 C:/ST/STM32CubeIDE_1.17.0/STM32CubeIDE/plugins/com.st.stm32cube.ide.mcu.externaltools.gnu-tools-for-stm32.12.3.rel1.win32_1.1.0.202410251130/tools/bin/../lib/gcc/arm-none-eabi/12.3.1/../../../../arm-none-eabi/lib/thumb/v6-m/nofp\libc_nano.a(libc_a-lock.o)
                0x0800698a                __retarget_lock_release_recursive
 .text.memcpy   0x0800698c       0x12 C:/ST/STM32CubeIDE_1.17.0/STM32CubeIDE/plugins/com.st.stm32cube.ide.mcu.externaltools.gnu-tools-for-stm32.12.3.rel1.win32_1.1.0.202410251130/tools/bin/../lib/gcc/arm-none-eabi/12.3.1/../../../../arm-none-eabi/lib/thumb/v6-m/nofp\libc_nano.a(libc_a-memcpy-stub.o)
                0x0800698c                memcpy
 *fill*         0x0800699e        0x2 
 .text._free_r  0x080069a0       0x94 C:/ST/STM32CubeIDE_1.17.0/STM32CubeIDE/plugins/com.st.stm32cube.ide.mcu.externaltools.gnu-tools-for-stm32.12.3.rel1.win32_1.1.0.202410251130/tools/bin/../lib/gcc/arm-none-eabi/12.3.1/../../../../arm-none-eabi/lib/thumb/v6-m/nofp\libc_nano.a(libc_a-freer.o)
                0x080069a0                _free_r
 .text.__malloc_lock
                0x08006a34       0x10 C:/ST/STM32CubeIDE_1.17.0/STM32CubeIDE/plugins/com.st.stm32cube.ide.mcu.externaltools.gnu-tools-for-stm32.12.3.rel1.win32_1.1.0.202410251130/tools/bin/../lib/gcc/arm-none-eabi/12.3.1/../../../../arm-none-eabi/lib/thumb/v6-m/nofp\libc_nano.a(libc_a-mlock.o)
                0x08006a34                __malloc_lock
 .text.__malloc_unlock
                0x08006a44       0x10 C:/ST/STM32CubeIDE_1.17.0/STM32CubeIDE/plugins/com.st.stm32cube.ide.mcu.externaltools.gnu-tools-for-stm32.12.3.rel1.win32_1.1.0.202410251130/tools/bin/../lib/gcc/arm-none-eabi/12.3.1/../../../../arm-none-eabi/lib/thumb/v6-m/nofp\libc_nano.a(libc_a-mlock.o)
                0x08006a44                __malloc_unlock
 *(.glue_7)
 .glue_7        0x08006a54        0x0 linker stubs
 *(.glue_7t)
 .glue_7t       0x08006a54        0x0 linker stubs
 *(.eh_frame)
 .eh_frame      0x08006a54        0x0 C:/ST/STM32CubeIDE_1.17.0/STM32CubeIDE/plugins/com.st.stm32cube.ide.mcu.externaltools.gnu-tools-for-stm32.12.3.rel1.win32_1.1.0.202410251130/tools/bin/../lib/gcc/arm-none-eabi/12.3.1/thumb/v6-m/nofp/crtbegin.o
 *(.init)
 .init          0x08006a54        0x4 C:/ST/STM32CubeIDE_1.17.0/STM32CubeIDE/plugins/com.st.stm32cube.ide.mcu.externaltools.gnu-tools-for-stm32.12.3.rel1.win32_1.1.0.202410251130/tools/bin/../lib/gcc/arm-none-eabi/12.3.1/thumb/v6-m/nofp/crti.o
                0x08006a54                _init
 .init          0x08006a58        0x8 C:/ST/STM32CubeIDE_1.17.0/STM32CubeIDE/plugins/com.st.stm32cube.ide.mcu.externaltools.gnu-tools-for-stm32.12.3.rel1.win32_1.1.0.202410251130/tools/bin/../lib/gcc/arm-none-eabi/12.3.1/thumb/v6-m/nofp/crtn.o
 *(.fini)
 .fini          0x08006a60        0x4 C:/ST/STM32CubeIDE_1.17.0/STM32CubeIDE/plugins/com.st.stm32cube.ide.mcu.externaltools.gnu-tools-for-stm32.12.3.rel1.win32_1.1.0.202410251130/tools/bin/../lib/gcc/arm-none-eabi/12.3.1/thumb/v6-m/nofp/crti.o
                0x08006a60                _fini
 .fini          0x08006a64        0x8 C:/ST/STM32CubeIDE_1.17.0/STM32CubeIDE/plugins/com.st.stm32cube.ide.mcu.externaltools.gnu-tools-for-stm32.12.3.rel1.win32_1.1.0.202410251130/tools/bin/../lib/gcc/arm-none-eabi/12.3.1/thumb/v6-m/nofp/crtn.o
                0x08006a6c                        . = ALIGN (0x4)
                0x08006a6c                        _etext = .

.vfp11_veneer   0x08006a6c        0x0
 .vfp11_veneer  0x08006a6c        0x0 linker stubs

.v4_bx          0x08006a6c        0x0
 .v4_bx         0x08006a6c        0x0 linker stubs

.iplt           0x08006a6c        0x0
 .iplt          0x08006a6c        0x0 C:/ST/STM32CubeIDE_1.17.0/STM32CubeIDE/plugins/com.st.stm32cube.ide.mcu.externaltools.gnu-tools-for-stm32.12.3.rel1.win32_1.1.0.202410251130/tools/bin/../lib/gcc/arm-none-eabi/12.3.1/thumb/v6-m/nofp/crtbegin.o

.rodata         0x08006a6c      0x334
                0x08006a6c                        . = ALIGN (0x4)
 *(.rodata)
 .rodata        0x08006a6c      0x151 ./Core/Src/main.o
 *fill*         0x08006bbd        0x3 
 .rodata        0x08006bc0        0x5 ./Middlewares/Third_Party/FreeRTOS/Source/tasks.o
 *fill*         0x08006bc5        0x3 
 .rodata        0x08006bc8        0xd ./Middlewares/Third_Party/FreeRTOS/Source/timers.o
 *(.rodata*)
 *fill*         0x08006bd5        0x3 
 .rodata.defaultTask_attributes
                0x08006bd8       0x24 ./Core/Src/main.o
                0x08006bd8                defaultTask_attributes
 .rodata.TASK1_attributes
                0x08006bfc       0x24 ./Core/Src/main.o
                0x08006bfc                TASK1_attributes
 .rodata.TASK2_attributes
                0x08006c20       0x24 ./Core/Src/main.o
                0x08006c20                TASK2_attributes
 .rodata.LP_attributes
                0x08006c44       0x24 ./Core/Src/main.o
                0x08006c44                LP_attributes
 .rodata.MP_attributes
                0x08006c68       0x24 ./Core/Src/main.o
                0x08006c68                MP_attributes
 .rodata.HP_attributes
                0x08006c8c       0x24 ./Core/Src/main.o
                0x08006c8c                HP_attributes
 .rodata.PrintMutex_attributes
                0x08006cb0       0x10 ./Core/Src/main.o
                0x08006cb0                PrintMutex_attributes
 .rodata.ResourceMutex_attributes
                0x08006cc0       0x10 ./Core/Src/main.o
                0x08006cc0                ResourceMutex_attributes
 .rodata.BinarySem_attributes
                0x08006cd0       0x10 ./Core/Src/main.o
                0x08006cd0                BinarySem_attributes
 .rodata.ResourceSem_attributes
                0x08006ce0       0x10 ./Core/Src/main.o
                0x08006ce0                ResourceSem_attributes
 .rodata.AHBPrescTable
                0x08006cf0       0x40 ./Core/Src/system_stm32g0xx.o
                0x08006cf0                AHBPrescTable
 .rodata.APBPrescTable
                0x08006d30       0x20 ./Core/Src/system_stm32g0xx.o
                0x08006d30                APBPrescTable
 .rodata.UARTPrescTable
                0x08006d50       0x18 ./Drivers/STM32G0xx_HAL_Driver/Src/stm32g0xx_hal_uart.o
                0x08006d50                UARTPrescTable
 .rodata.numerator.1
                0x08006d68        0x8 ./Drivers/STM32G0xx_HAL_Driver/Src/stm32g0xx_hal_uart_ex.o
 .rodata.denominator.0
                0x08006d70        0x8 ./Drivers/STM32G0xx_HAL_Driver/Src/stm32g0xx_hal_uart_ex.o
 .rodata.prvProcessReceivedCommands
                0x08006d78       0x28 ./Middlewares/Third_Party/FreeRTOS/Source/timers.o
                0x08006da0                        . = ALIGN (0x4)

.ARM.extab      0x08006da0        0x0
                0x08006da0                        . = ALIGN (0x4)
 *(.ARM.extab* .gnu.linkonce.armextab.*)
                0x08006da0                        . = ALIGN (0x4)

.ARM            0x08006da0        0x8
                0x08006da0                        . = ALIGN (0x4)
                0x08006da0                        __exidx_start = .
 *(.ARM.exidx*)
 .ARM.exidx     0x08006da0        0x8 C:/ST/STM32CubeIDE_1.17.0/STM32CubeIDE/plugins/com.st.stm32cube.ide.mcu.externaltools.gnu-tools-for-stm32.12.3.rel1.win32_1.1.0.202410251130/tools/bin/../lib/gcc/arm-none-eabi/12.3.1/thumb/v6-m/nofp\libgcc.a(_udivmoddi4.o)
                0x08006da8                        __exidx_end = .
                0x08006da8                        . = ALIGN (0x4)

.preinit_array  0x08006da8        0x0
                0x08006da8                        . = ALIGN (0x4)
                0x08006da8                        PROVIDE (__preinit_array_start = .)
 *(.preinit_array*)
                0x08006da8                        PROVIDE (__preinit_array_end = .)
                0x08006da8                        . = ALIGN (0x4)

.init_array     0x08006da8        0x4
                0x08006da8                        . = ALIGN (0x4)
                0x08006da8                        PROVIDE (__init_array_start = .)
 *(SORT_BY_NAME(.init_array.*))
 *(.init_array*)
 .init_array    0x08006da8        0x4 C:/ST/STM32CubeIDE_1.17.0/STM32CubeIDE/plugins/com.st.stm32cube.ide.mcu.externaltools.gnu-tools-for-stm32.12.3.rel1.win32_1.1.0.202410251130/tools/bin/../lib/gcc/arm-none-eabi/12.3.1/thumb/v6-m/nofp/crtbegin.o
                0x08006dac                        PROVIDE (__init_array_end = .)
                0x08006dac                        . = ALIGN (0x4)

.fini_array     0x08006dac        0x4
                0x08006dac                        . = ALIGN (0x4)
                [!provide]                        PROVIDE (__fini_array_start = .)
 *(SORT_BY_NAME(.fini_array.*))
 *(.fini_array*)
 .fini_array    0x08006dac        0x4 C:/ST/STM32CubeIDE_1.17.0/STM32CubeIDE/plugins/com.st.stm32cube.ide.mcu.externaltools.gnu-tools-for-stm32.12.3.rel1.win32_1.1.0.202410251130/tools/bin/../lib/gcc/arm-none-eabi/12.3.1/thumb/v6-m/nofp/crtbegin.o
                [!provide]                        PROVIDE (__fini_array_end = .)
                0x08006db0                        . = ALIGN (0x4)
                0x08006db0                        _sidata = LOADADDR (.data)

.rel.dyn        0x08006db0        0x0
 .rel.iplt      0x08006db0        0x0 C:/ST/STM32CubeIDE_1.17.0/STM32CubeIDE/plugins/com.st.stm32cube.ide.mcu.externaltools.gnu-tools-for-stm32.12.3.rel1.win32_1.1.0.202410251130/tools/bin/../lib/gcc/arm-none-eabi/12.3.1/thumb/v6-m/nofp/crtbegin.o

.data           0x20000000       0x60 load address 0x08006db0
                0x20000000                        . = ALIGN (0x4)
                0x20000000                        _sdata = .
 *(.data)
 *(.data*)
 .data.SystemCoreClock
                0x20000000        0x4 ./Core/Src/system_stm32g0xx.o
                0x20000000                SystemCoreClock
 .data.uwTickPrio
                0x20000004        0x4 ./Drivers/STM32G0xx_HAL_Driver/Src/stm32g0xx_hal.o
                0x20000004                uwTickPrio
 .data.uwTickFreq
                0x20000008        0x1 ./Drivers/STM32G0xx_HAL_Driver/Src/stm32g0xx_hal.o
                0x20000008                uwTickFreq
 *fill*         0x20000009        0x3 
 .data.uxCriticalNesting
                0x2000000c        0x4 ./Middlewares/Third_Party/FreeRTOS/Source/portable/GCC/ARM_CM0/port.o
 .data._impure_ptr
                0x20000010        0x4 C:/ST/STM32CubeIDE_1.17.0/STM32CubeIDE/plugins/com.st.stm32cube.ide.mcu.externaltools.gnu-tools-for-stm32.12.3.rel1.win32_1.1.0.202410251130/tools/bin/../lib/gcc/arm-none-eabi/12.3.1/../../../../arm-none-eabi/lib/thumb/v6-m/nofp\libc_nano.a(libc_a-impure.o)
                0x20000010                _impure_ptr
 .data._impure_data
                0x20000014       0x4c C:/ST/STM32CubeIDE_1.17.0/STM32CubeIDE/plugins/com.st.stm32cube.ide.mcu.externaltools.gnu-tools-for-stm32.12.3.rel1.win32_1.1.0.202410251130/tools/bin/../lib/gcc/arm-none-eabi/12.3.1/../../../../arm-none-eabi/lib/thumb/v6-m/nofp\libc_nano.a(libc_a-impure.o)
                0x20000014                _impure_data
 *(.RamFunc)
 *(.RamFunc*)
                0x20000060                        . = ALIGN (0x4)
                0x20000060                        _edata = .

.igot.plt       0x20000060        0x0 load address 0x08006e10
 .igot.plt      0x20000060        0x0 C:/ST/STM32CubeIDE_1.17.0/STM32CubeIDE/plugins/com.st.stm32cube.ide.mcu.externaltools.gnu-tools-for-stm32.12.3.rel1.win32_1.1.0.202410251130/tools/bin/../lib/gcc/arm-none-eabi/12.3.1/thumb/v6-m/nofp/crtbegin.o
                0x20000060                        . = ALIGN (0x4)

.bss            0x20000060     0x4c48 load address 0x08006e10
                0x20000060                        _sbss = .
                0x20000060                        __bss_start__ = _sbss
 *(.bss)
 .bss           0x20000060       0x1c C:/ST/STM32CubeIDE_1.17.0/STM32CubeIDE/plugins/com.st.stm32cube.ide.mcu.externaltools.gnu-tools-for-stm32.12.3.rel1.win32_1.1.0.202410251130/tools/bin/../lib/gcc/arm-none-eabi/12.3.1/thumb/v6-m/nofp/crtbegin.o
 *(.bss*)
 .bss.huart2    0x2000007c       0x94 ./Core/Src/main.o
                0x2000007c                huart2
 .bss.defaultTaskHandle
                0x20000110        0x4 ./Core/Src/main.o
                0x20000110                defaultTaskHandle
 .bss.TASK1Handle
                0x20000114        0x4 ./Core/Src/main.o
                0x20000114                TASK1Handle
 .bss.TASK2Handle
                0x20000118        0x4 ./Core/Src/main.o
                0x20000118                TASK2Handle
 .bss.LPHandle  0x2000011c        0x4 ./Core/Src/main.o
                0x2000011c                LPHandle
 .bss.MPHandle  0x20000120        0x4 ./Core/Src/main.o
                0x20000120                MPHandle
 .bss.HPHandle  0x20000124        0x4 ./Core/Src/main.o
                0x20000124                HPHandle
 .bss.PrintMutexHandle
                0x20000128        0x4 ./Core/Src/main.o
                0x20000128                PrintMutexHandle
 .bss.ResourceMutexHandle
                0x2000012c        0x4 ./Core/Src/main.o
                0x2000012c                ResourceMutexHandle
 .bss.BinarySemHandle
                0x20000130        0x4 ./Core/Src/main.o
                0x20000130                BinarySemHandle
 .bss.ResourceSemHandle
                0x20000134        0x4 ./Core/Src/main.o
                0x20000134                ResourceSemHandle
 .bss.htim6     0x20000138       0x4c ./Core/Src/stm32g0xx_hal_timebase_tim.o
                0x20000138                htim6
 .bss.uwTick    0x20000184        0x4 ./Drivers/STM32G0xx_HAL_Driver/Src/stm32g0xx_hal.o
                0x20000184                uwTick
 .bss.KernelState
                0x20000188        0x4 ./Middlewares/Third_Party/FreeRTOS/Source/CMSIS_RTOS_V2/cmsis_os2.o
 .bss.Idle_TCB.3
                0x2000018c       0xa8 ./Middlewares/Third_Party/FreeRTOS/Source/CMSIS_RTOS_V2/cmsis_os2.o
 .bss.Idle_Stack.2
                0x20000234      0x200 ./Middlewares/Third_Party/FreeRTOS/Source/CMSIS_RTOS_V2/cmsis_os2.o
 .bss.Timer_TCB.1
                0x20000434       0xa8 ./Middlewares/Third_Party/FreeRTOS/Source/CMSIS_RTOS_V2/cmsis_os2.o
 .bss.Timer_Stack.0
                0x200004dc      0x400 ./Middlewares/Third_Party/FreeRTOS/Source/CMSIS_RTOS_V2/cmsis_os2.o
 .bss.xQueueRegistry
                0x200008dc       0x40 ./Middlewares/Third_Party/FreeRTOS/Source/queue.o
                0x200008dc                xQueueRegistry
 .bss.pxCurrentTCB
                0x2000091c        0x4 ./Middlewares/Third_Party/FreeRTOS/Source/tasks.o
                0x2000091c                pxCurrentTCB
 .bss.pxReadyTasksLists
                0x20000920      0x460 ./Middlewares/Third_Party/FreeRTOS/Source/tasks.o
 .bss.xDelayedTaskList1
                0x20000d80       0x14 ./Middlewares/Third_Party/FreeRTOS/Source/tasks.o
 .bss.xDelayedTaskList2
                0x20000d94       0x14 ./Middlewares/Third_Party/FreeRTOS/Source/tasks.o
 .bss.pxDelayedTaskList
                0x20000da8        0x4 ./Middlewares/Third_Party/FreeRTOS/Source/tasks.o
 .bss.pxOverflowDelayedTaskList
                0x20000dac        0x4 ./Middlewares/Third_Party/FreeRTOS/Source/tasks.o
 .bss.xPendingReadyList
                0x20000db0       0x14 ./Middlewares/Third_Party/FreeRTOS/Source/tasks.o
 .bss.xTasksWaitingTermination
                0x20000dc4       0x14 ./Middlewares/Third_Party/FreeRTOS/Source/tasks.o
 .bss.uxDeletedTasksWaitingCleanUp
                0x20000dd8        0x4 ./Middlewares/Third_Party/FreeRTOS/Source/tasks.o
 .bss.xSuspendedTaskList
                0x20000ddc       0x14 ./Middlewares/Third_Party/FreeRTOS/Source/tasks.o
 .bss.uxCurrentNumberOfTasks
                0x20000df0        0x4 ./Middlewares/Third_Party/FreeRTOS/Source/tasks.o
 .bss.xTickCount
                0x20000df4        0x4 ./Middlewares/Third_Party/FreeRTOS/Source/tasks.o
 .bss.uxTopReadyPriority
                0x20000df8        0x4 ./Middlewares/Third_Party/FreeRTOS/Source/tasks.o
 .bss.xSchedulerRunning
                0x20000dfc        0x4 ./Middlewares/Third_Party/FreeRTOS/Source/tasks.o
 .bss.xPendedTicks
                0x20000e00        0x4 ./Middlewares/Third_Party/FreeRTOS/Source/tasks.o
 .bss.xYieldPending
                0x20000e04        0x4 ./Middlewares/Third_Party/FreeRTOS/Source/tasks.o
 .bss.xNumOfOverflows
                0x20000e08        0x4 ./Middlewares/Third_Party/FreeRTOS/Source/tasks.o
 .bss.uxTaskNumber
                0x20000e0c        0x4 ./Middlewares/Third_Party/FreeRTOS/Source/tasks.o
 .bss.xNextTaskUnblockTime
                0x20000e10        0x4 ./Middlewares/Third_Party/FreeRTOS/Source/tasks.o
 .bss.xIdleTaskHandle
                0x20000e14        0x4 ./Middlewares/Third_Party/FreeRTOS/Source/tasks.o
 .bss.uxSchedulerSuspended
                0x20000e18        0x4 ./Middlewares/Third_Party/FreeRTOS/Source/tasks.o
 .bss.xActiveTimerList1
                0x20000e1c       0x14 ./Middlewares/Third_Party/FreeRTOS/Source/timers.o
 .bss.xActiveTimerList2
                0x20000e30       0x14 ./Middlewares/Third_Party/FreeRTOS/Source/timers.o
 .bss.pxCurrentTimerList
                0x20000e44        0x4 ./Middlewares/Third_Party/FreeRTOS/Source/timers.o
 .bss.pxOverflowTimerList
                0x20000e48        0x4 ./Middlewares/Third_Party/FreeRTOS/Source/timers.o
 .bss.xTimerQueue
                0x20000e4c        0x4 ./Middlewares/Third_Party/FreeRTOS/Source/timers.o
 .bss.xTimerTaskHandle
                0x20000e50        0x4 ./Middlewares/Third_Party/FreeRTOS/Source/timers.o
 .bss.xLastTime.2
                0x20000e54        0x4 ./Middlewares/Third_Party/FreeRTOS/Source/timers.o
 .bss.ucStaticTimerQueueStorage.1
                0x20000e58       0xa0 ./Middlewares/Third_Party/FreeRTOS/Source/timers.o
 .bss.xStaticTimerQueue.0
                0x20000ef8       0x50 ./Middlewares/Third_Party/FreeRTOS/Source/timers.o
 .bss.ucHeap    0x20000f48     0x3c00 ./Middlewares/Third_Party/FreeRTOS/Source/portable/MemMang/heap_4.o
 .bss.xStart    0x20004b48        0x8 ./Middlewares/Third_Party/FreeRTOS/Source/portable/MemMang/heap_4.o
 .bss.pxEnd     0x20004b50        0x4 ./Middlewares/Third_Party/FreeRTOS/Source/portable/MemMang/heap_4.o
 .bss.xFreeBytesRemaining
                0x20004b54        0x4 ./Middlewares/Third_Party/FreeRTOS/Source/portable/MemMang/heap_4.o
 .bss.xMinimumEverFreeBytesRemaining
                0x20004b58        0x4 ./Middlewares/Third_Party/FreeRTOS/Source/portable/MemMang/heap_4.o
 .bss.xNumberOfSuccessfulAllocations
                0x20004b5c        0x4 ./Middlewares/Third_Party/FreeRTOS/Source/portable/MemMang/heap_4.o
 .bss.xNumberOfSuccessfulFrees
                0x20004b60        0x4 ./Middlewares/Third_Party/FreeRTOS/Source/portable/MemMang/heap_4.o
 .bss.xBlockAllocatedBit
                0x20004b64        0x4 ./Middlewares/Third_Party/FreeRTOS/Source/portable/MemMang/heap_4.o
 .bss.__sf      0x20004b68      0x138 C:/ST/STM32CubeIDE_1.17.0/STM32CubeIDE/plugins/com.st.stm32cube.ide.mcu.externaltools.gnu-tools-for-stm32.12.3.rel1.win32_1.1.0.202410251130/tools/bin/../lib/gcc/arm-none-eabi/12.3.1/../../../../arm-none-eabi/lib/thumb/v6-m/nofp\libc_nano.a(libc_a-findfp.o)
                0x20004b68                __sf
 .bss.__lock___malloc_recursive_mutex
                0x20004ca0        0x1 C:/ST/STM32CubeIDE_1.17.0/STM32CubeIDE/plugins/com.st.stm32cube.ide.mcu.externaltools.gnu-tools-for-stm32.12.3.rel1.win32_1.1.0.202410251130/tools/bin/../lib/gcc/arm-none-eabi/12.3.1/../../../../arm-none-eabi/lib/thumb/v6-m/nofp\libc_nano.a(libc_a-lock.o)
                0x20004ca0                __lock___malloc_recursive_mutex
 *fill*         0x20004ca1        0x3 
 .bss.__malloc_free_list
                0x20004ca4        0x4 C:/ST/STM32CubeIDE_1.17.0/STM32CubeIDE/plugins/com.st.stm32cube.ide.mcu.externaltools.gnu-tools-for-stm32.12.3.rel1.win32_1.1.0.202410251130/tools/bin/../lib/gcc/arm-none-eabi/12.3.1/../../../../arm-none-eabi/lib/thumb/v6-m/nofp\libc_nano.a(libc_a-mallocr.o)
                0x20004ca4                __malloc_free_list
 *(COMMON)
                0x20004ca8                        . = ALIGN (0x4)
                0x20004ca8                        _ebss = .
                0x20004ca8                        __bss_end__ = _ebss

._user_heap_stack
                0x20004ca8      0x600 load address 0x08006e10
                0x20004ca8                        . = ALIGN (0x8)
                [!provide]                        PROVIDE (end = .)
                0x20004ca8                        PROVIDE (_end = .)
                0x20004ea8                        . = (. + _Min_Heap_Size)
 *fill*         0x20004ca8      0x200 
                0x200052a8                        . = (. + _Min_Stack_Size)
 *fill*         0x20004ea8      0x400 
                0x200052a8                        . = ALIGN (0x8)

/DISCARD/
 libc.a(*)
 libm.a(*)
 libgcc.a(*)

.ARM.attributes
                0x00000000       0x28
 *(.ARM.attributes)
 .ARM.attributes
                0x00000000       0x1e C:/ST/STM32CubeIDE_1.17.0/STM32CubeIDE/plugins/com.st.stm32cube.ide.mcu.externaltools.gnu-tools-for-stm32.12.3.rel1.win32_1.1.0.202410251130/tools/bin/../lib/gcc/arm-none-eabi/12.3.1/thumb/v6-m/nofp/crti.o
 .ARM.attributes
                0x0000001e       0x2c C:/ST/STM32CubeIDE_1.17.0/STM32CubeIDE/plugins/com.st.stm32cube.ide.mcu.externaltools.gnu-tools-for-stm32.12.3.rel1.win32_1.1.0.202410251130/tools/bin/../lib/gcc/arm-none-eabi/12.3.1/thumb/v6-m/nofp/crtbegin.o
 .ARM.attributes
                0x0000004a       0x2c ./Core/Src/main.o
 .ARM.attributes
                0x00000076       0x2c ./Core/Src/stm32g0xx_hal_msp.o
 .ARM.attributes
                0x000000a2       0x2c ./Core/Src/stm32g0xx_hal_timebase_tim.o
 .ARM.attributes
                0x000000ce       0x2c ./Core/Src/stm32g0xx_it.o
 .ARM.attributes
                0x000000fa       0x2c ./Core/Src/system_stm32g0xx.o
 .ARM.attributes
                0x00000126       0x22 ./Core/Startup/startup_stm32g0b1retx.o
 .ARM.attributes
                0x00000148       0x2c ./Drivers/STM32G0xx_HAL_Driver/Src/stm32g0xx_hal.o
 .ARM.attributes
                0x00000174       0x2c ./Drivers/STM32G0xx_HAL_Driver/Src/stm32g0xx_hal_cortex.o
 .ARM.attributes
                0x000001a0       0x2c ./Drivers/STM32G0xx_HAL_Driver/Src/stm32g0xx_hal_gpio.o
 .ARM.attributes
                0x000001cc       0x2c ./Drivers/STM32G0xx_HAL_Driver/Src/stm32g0xx_hal_pwr_ex.o
 .ARM.attributes
                0x000001f8       0x2c ./Drivers/STM32G0xx_HAL_Driver/Src/stm32g0xx_hal_rcc.o
 .ARM.attributes
                0x00000224       0x2c ./Drivers/STM32G0xx_HAL_Driver/Src/stm32g0xx_hal_rcc_ex.o
 .ARM.attributes
                0x00000250       0x2c ./Drivers/STM32G0xx_HAL_Driver/Src/stm32g0xx_hal_tim.o
 .ARM.attributes
                0x0000027c       0x2c ./Drivers/STM32G0xx_HAL_Driver/Src/stm32g0xx_hal_tim_ex.o
 .ARM.attributes
                0x000002a8       0x2c ./Drivers/STM32G0xx_HAL_Driver/Src/stm32g0xx_hal_uart.o
 .ARM.attributes
                0x000002d4       0x2c ./Drivers/STM32G0xx_HAL_Driver/Src/stm32g0xx_hal_uart_ex.o
 .ARM.attributes
                0x00000300       0x2c ./Middlewares/Third_Party/FreeRTOS/Source/CMSIS_RTOS_V2/cmsis_os2.o
 .ARM.attributes
                0x0000032c       0x2c ./Middlewares/Third_Party/FreeRTOS/Source/list.o
 .ARM.attributes
                0x00000358       0x2c ./Middlewares/Third_Party/FreeRTOS/Source/queue.o
 .ARM.attributes
                0x00000384       0x2c ./Middlewares/Third_Party/FreeRTOS/Source/tasks.o
 .ARM.attributes
                0x000003b0       0x2c ./Middlewares/Third_Party/FreeRTOS/Source/timers.o
 .ARM.attributes
                0x000003dc       0x2c ./Middlewares/Third_Party/FreeRTOS/Source/portable/GCC/ARM_CM0/port.o
 .ARM.attributes
                0x00000408       0x2c ./Middlewares/Third_Party/FreeRTOS/Source/portable/MemMang/heap_4.o
 .ARM.attributes
                0x00000434       0x2c C:/ST/STM32CubeIDE_1.17.0/STM32CubeIDE/plugins/com.st.stm32cube.ide.mcu.externaltools.gnu-tools-for-stm32.12.3.rel1.win32_1.1.0.202410251130/tools/bin/../lib/gcc/arm-none-eabi/12.3.1/../../../../arm-none-eabi/lib/thumb/v6-m/nofp\libc_nano.a(libc_a-findfp.o)
 .ARM.attributes
                0x00000460       0x2c C:/ST/STM32CubeIDE_1.17.0/STM32CubeIDE/plugins/com.st.stm32cube.ide.mcu.externaltools.gnu-tools-for-stm32.12.3.rel1.win32_1.1.0.202410251130/tools/bin/../lib/gcc/arm-none-eabi/12.3.1/../../../../arm-none-eabi/lib/thumb/v6-m/nofp\libc_nano.a(libc_a-memset.o)
 .ARM.attributes
                0x0000048c       0x2c C:/ST/STM32CubeIDE_1.17.0/STM32CubeIDE/plugins/com.st.stm32cube.ide.mcu.externaltools.gnu-tools-for-stm32.12.3.rel1.win32_1.1.0.202410251130/tools/bin/../lib/gcc/arm-none-eabi/12.3.1/../../../../arm-none-eabi/lib/thumb/v6-m/nofp\libc_nano.a(libc_a-reent.o)
 .ARM.attributes
                0x000004b8       0x2c C:/ST/STM32CubeIDE_1.17.0/STM32CubeIDE/plugins/com.st.stm32cube.ide.mcu.externaltools.gnu-tools-for-stm32.12.3.rel1.win32_1.1.0.202410251130/tools/bin/../lib/gcc/arm-none-eabi/12.3.1/../../../../arm-none-eabi/lib/thumb/v6-m/nofp\libc_nano.a(libc_a-impure.o)
 .ARM.attributes
                0x000004e4       0x2c C:/ST/STM32CubeIDE_1.17.0/STM32CubeIDE/plugins/com.st.stm32cube.ide.mcu.externaltools.gnu-tools-for-stm32.12.3.rel1.win32_1.1.0.202410251130/tools/bin/../lib/gcc/arm-none-eabi/12.3.1/../../../../arm-none-eabi/lib/thumb/v6-m/nofp\libc_nano.a(libc_a-init.o)
 .ARM.attributes
                0x00000510       0x2c C:/ST/STM32CubeIDE_1.17.0/STM32CubeIDE/plugins/com.st.stm32cube.ide.mcu.externaltools.gnu-tools-for-stm32.12.3.rel1.win32_1.1.0.202410251130/tools/bin/../lib/gcc/arm-none-eabi/12.3.1/../../../../arm-none-eabi/lib/thumb/v6-m/nofp\libc_nano.a(libc_a-lock.o)
 .ARM.attributes
                0x0000053c       0x2c C:/ST/STM32CubeIDE_1.17.0/STM32CubeIDE/plugins/com.st.stm32cube.ide.mcu.externaltools.gnu-tools-for-stm32.12.3.rel1.win32_1.1.0.202410251130/tools/bin/../lib/gcc/arm-none-eabi/12.3.1/../../../../arm-none-eabi/lib/thumb/v6-m/nofp\libc_nano.a(libc_a-memcpy-stub.o)
 .ARM.attributes
                0x00000568       0x1c C:/ST/STM32CubeIDE_1.17.0/STM32CubeIDE/plugins/com.st.stm32cube.ide.mcu.externaltools.gnu-tools-for-stm32.12.3.rel1.win32_1.1.0.202410251130/tools/bin/../lib/gcc/arm-none-eabi/12.3.1/../../../../arm-none-eabi/lib/thumb/v6-m/nofp\libc_nano.a(libc_a-strlen.o)
 .ARM.attributes
                0x00000584       0x2c C:/ST/STM32CubeIDE_1.17.0/STM32CubeIDE/plugins/com.st.stm32cube.ide.mcu.externaltools.gnu-tools-for-stm32.12.3.rel1.win32_1.1.0.202410251130/tools/bin/../lib/gcc/arm-none-eabi/12.3.1/../../../../arm-none-eabi/lib/thumb/v6-m/nofp\libc_nano.a(libc_a-freer.o)
 .ARM.attributes
                0x000005b0       0x2c C:/ST/STM32CubeIDE_1.17.0/STM32CubeIDE/plugins/com.st.stm32cube.ide.mcu.externaltools.gnu-tools-for-stm32.12.3.rel1.win32_1.1.0.202410251130/tools/bin/../lib/gcc/arm-none-eabi/12.3.1/../../../../arm-none-eabi/lib/thumb/v6-m/nofp\libc_nano.a(libc_a-mallocr.o)
 .ARM.attributes
                0x000005dc       0x2c C:/ST/STM32CubeIDE_1.17.0/STM32CubeIDE/plugins/com.st.stm32cube.ide.mcu.externaltools.gnu-tools-for-stm32.12.3.rel1.win32_1.1.0.202410251130/tools/bin/../lib/gcc/arm-none-eabi/12.3.1/../../../../arm-none-eabi/lib/thumb/v6-m/nofp\libc_nano.a(libc_a-mlock.o)
 .ARM.attributes
                0x00000608       0x1e C:/ST/STM32CubeIDE_1.17.0/STM32CubeIDE/plugins/com.st.stm32cube.ide.mcu.externaltools.gnu-tools-for-stm32.12.3.rel1.win32_1.1.0.202410251130/tools/bin/../lib/gcc/arm-none-eabi/12.3.1/thumb/v6-m/nofp\libgcc.a(_udivsi3.o)
 .ARM.attributes
                0x00000626       0x1e C:/ST/STM32CubeIDE_1.17.0/STM32CubeIDE/plugins/com.st.stm32cube.ide.mcu.externaltools.gnu-tools-for-stm32.12.3.rel1.win32_1.1.0.202410251130/tools/bin/../lib/gcc/arm-none-eabi/12.3.1/thumb/v6-m/nofp\libgcc.a(_divsi3.o)
 .ARM.attributes
                0x00000644       0x1e C:/ST/STM32CubeIDE_1.17.0/STM32CubeIDE/plugins/com.st.stm32cube.ide.mcu.externaltools.gnu-tools-for-stm32.12.3.rel1.win32_1.1.0.202410251130/tools/bin/../lib/gcc/arm-none-eabi/12.3.1/thumb/v6-m/nofp\libgcc.a(_dvmd_tls.o)
 .ARM.attributes
                0x00000662       0x1e C:/ST/STM32CubeIDE_1.17.0/STM32CubeIDE/plugins/com.st.stm32cube.ide.mcu.externaltools.gnu-tools-for-stm32.12.3.rel1.win32_1.1.0.202410251130/tools/bin/../lib/gcc/arm-none-eabi/12.3.1/thumb/v6-m/nofp\libgcc.a(_aeabi_uldivmod.o)
 .ARM.attributes
                0x00000680       0x2c C:/ST/STM32CubeIDE_1.17.0/STM32CubeIDE/plugins/com.st.stm32cube.ide.mcu.externaltools.gnu-tools-for-stm32.12.3.rel1.win32_1.1.0.202410251130/tools/bin/../lib/gcc/arm-none-eabi/12.3.1/thumb/v6-m/nofp\libgcc.a(_udivmoddi4.o)
 .ARM.attributes
                0x000006ac       0x1e C:/ST/STM32CubeIDE_1.17.0/STM32CubeIDE/plugins/com.st.stm32cube.ide.mcu.externaltools.gnu-tools-for-stm32.12.3.rel1.win32_1.1.0.202410251130/tools/bin/../lib/gcc/arm-none-eabi/12.3.1/thumb/v6-m/nofp\libgcc.a(_clzdi2.o)
 .ARM.attributes
                0x000006ca       0x1e C:/ST/STM32CubeIDE_1.17.0/STM32CubeIDE/plugins/com.st.stm32cube.ide.mcu.externaltools.gnu-tools-for-stm32.12.3.rel1.win32_1.1.0.202410251130/tools/bin/../lib/gcc/arm-none-eabi/12.3.1/thumb/v6-m/nofp\libgcc.a(_clzsi2.o)
 .ARM.attributes
                0x000006e8       0x1e C:/ST/STM32CubeIDE_1.17.0/STM32CubeIDE/plugins/com.st.stm32cube.ide.mcu.externaltools.gnu-tools-for-stm32.12.3.rel1.win32_1.1.0.202410251130/tools/bin/../lib/gcc/arm-none-eabi/12.3.1/thumb/v6-m/nofp/crtn.o
OUTPUT(Mutex_Project.elf elf32-littlearm)
LOAD linker stubs
LOAD C:/ST/STM32CubeIDE_1.17.0/STM32CubeIDE/plugins/com.st.stm32cube.ide.mcu.externaltools.gnu-tools-for-stm32.12.3.rel1.win32_1.1.0.202410251130/tools/bin/../lib/gcc/arm-none-eabi/12.3.1/../../../../arm-none-eabi/lib/thumb/v6-m/nofp\libc.a
LOAD C:/ST/STM32CubeIDE_1.17.0/STM32CubeIDE/plugins/com.st.stm32cube.ide.mcu.externaltools.gnu-tools-for-stm32.12.3.rel1.win32_1.1.0.202410251130/tools/bin/../lib/gcc/arm-none-eabi/12.3.1/../../../../arm-none-eabi/lib/thumb/v6-m/nofp\libm.a
LOAD C:/ST/STM32CubeIDE_1.17.0/STM32CubeIDE/plugins/com.st.stm32cube.ide.mcu.externaltools.gnu-tools-for-stm32.12.3.rel1.win32_1.1.0.202410251130/tools/bin/../lib/gcc/arm-none-eabi/12.3.1/thumb/v6-m/nofp\libgcc.a

.debug_info     0x00000000    0x1acf7
 .debug_info    0x00000000     0x18fe ./Core/Src/main.o
 .debug_info    0x000018fe      0xdd3 ./Core/Src/stm32g0xx_hal_msp.o
 .debug_info    0x000026d1      0xbf9 ./Core/Src/stm32g0xx_hal_timebase_tim.o
 .debug_info    0x000032ca      0x80a ./Core/Src/stm32g0xx_it.o
 .debug_info    0x00003ad4      0x316 ./Core/Src/system_stm32g0xx.o
 .debug_info    0x00003dea       0x30 ./Core/Startup/startup_stm32g0b1retx.o
 .debug_info    0x00003e1a      0xafa ./Drivers/STM32G0xx_HAL_Driver/Src/stm32g0xx_hal.o
 .debug_info    0x00004914      0x8d9 ./Drivers/STM32G0xx_HAL_Driver/Src/stm32g0xx_hal_cortex.o
 .debug_info    0x000051ed      0x5e8 ./Drivers/STM32G0xx_HAL_Driver/Src/stm32g0xx_hal_gpio.o
 .debug_info    0x000057d5      0x8c1 ./Drivers/STM32G0xx_HAL_Driver/Src/stm32g0xx_hal_pwr_ex.o
 .debug_info    0x00006096      0xbb4 ./Drivers/STM32G0xx_HAL_Driver/Src/stm32g0xx_hal_rcc.o
 .debug_info    0x00006c4a      0xa59 ./Drivers/STM32G0xx_HAL_Driver/Src/stm32g0xx_hal_rcc_ex.o
 .debug_info    0x000076a3     0x2c2f ./Drivers/STM32G0xx_HAL_Driver/Src/stm32g0xx_hal_tim.o
 .debug_info    0x0000a2d2     0x1923 ./Drivers/STM32G0xx_HAL_Driver/Src/stm32g0xx_hal_tim_ex.o
 .debug_info    0x0000bbf5     0x48d6 ./Drivers/STM32G0xx_HAL_Driver/Src/stm32g0xx_hal_uart.o
 .debug_info    0x000104cb      0xfef ./Drivers/STM32G0xx_HAL_Driver/Src/stm32g0xx_hal_uart_ex.o
 .debug_info    0x000114ba     0x3d96 ./Middlewares/Third_Party/FreeRTOS/Source/CMSIS_RTOS_V2/cmsis_os2.o
 .debug_info    0x00015250      0x2af ./Middlewares/Third_Party/FreeRTOS/Source/list.o
 .debug_info    0x000154ff     0x155a ./Middlewares/Third_Party/FreeRTOS/Source/queue.o
 .debug_info    0x00016a59     0x22af ./Middlewares/Third_Party/FreeRTOS/Source/tasks.o
 .debug_info    0x00018d08     0x1933 ./Middlewares/Third_Party/FreeRTOS/Source/timers.o
 .debug_info    0x0001a63b      0x289 ./Middlewares/Third_Party/FreeRTOS/Source/portable/GCC/ARM_CM0/port.o
 .debug_info    0x0001a8c4      0x433 ./Middlewares/Third_Party/FreeRTOS/Source/portable/MemMang/heap_4.o

.debug_abbrev   0x00000000     0x36a2
 .debug_abbrev  0x00000000      0x326 ./Core/Src/main.o
 .debug_abbrev  0x00000326      0x1eb ./Core/Src/stm32g0xx_hal_msp.o
 .debug_abbrev  0x00000511      0x20f ./Core/Src/stm32g0xx_hal_timebase_tim.o
 .debug_abbrev  0x00000720      0x193 ./Core/Src/stm32g0xx_it.o
 .debug_abbrev  0x000008b3      0x119 ./Core/Src/system_stm32g0xx.o
 .debug_abbrev  0x000009cc       0x24 ./Core/Startup/startup_stm32g0b1retx.o
 .debug_abbrev  0x000009f0      0x27f ./Drivers/STM32G0xx_HAL_Driver/Src/stm32g0xx_hal.o
 .debug_abbrev  0x00000c6f      0x2ab ./Drivers/STM32G0xx_HAL_Driver/Src/stm32g0xx_hal_cortex.o
 .debug_abbrev  0x00000f1a      0x1c8 ./Drivers/STM32G0xx_HAL_Driver/Src/stm32g0xx_hal_gpio.o
 .debug_abbrev  0x000010e2      0x23c ./Drivers/STM32G0xx_HAL_Driver/Src/stm32g0xx_hal_pwr_ex.o
 .debug_abbrev  0x0000131e      0x2aa ./Drivers/STM32G0xx_HAL_Driver/Src/stm32g0xx_hal_rcc.o
 .debug_abbrev  0x000015c8      0x246 ./Drivers/STM32G0xx_HAL_Driver/Src/stm32g0xx_hal_rcc_ex.o
 .debug_abbrev  0x0000180e      0x28e ./Drivers/STM32G0xx_HAL_Driver/Src/stm32g0xx_hal_tim.o
 .debug_abbrev  0x00001a9c      0x297 ./Drivers/STM32G0xx_HAL_Driver/Src/stm32g0xx_hal_tim_ex.o
 .debug_abbrev  0x00001d33      0x311 ./Drivers/STM32G0xx_HAL_Driver/Src/stm32g0xx_hal_uart.o
 .debug_abbrev  0x00002044      0x2d3 ./Drivers/STM32G0xx_HAL_Driver/Src/stm32g0xx_hal_uart_ex.o
 .debug_abbrev  0x00002317      0x4ed ./Middlewares/Third_Party/FreeRTOS/Source/CMSIS_RTOS_V2/cmsis_os2.o
 .debug_abbrev  0x00002804       0xf5 ./Middlewares/Third_Party/FreeRTOS/Source/list.o
 .debug_abbrev  0x000028f9      0x33a ./Middlewares/Third_Party/FreeRTOS/Source/queue.o
 .debug_abbrev  0x00002c33      0x3a2 ./Middlewares/Third_Party/FreeRTOS/Source/tasks.o
 .debug_abbrev  0x00002fd5      0x328 ./Middlewares/Third_Party/FreeRTOS/Source/timers.o
 .debug_abbrev  0x000032fd      0x1ec ./Middlewares/Third_Party/FreeRTOS/Source/portable/GCC/ARM_CM0/port.o
 .debug_abbrev  0x000034e9      0x1b9 ./Middlewares/Third_Party/FreeRTOS/Source/portable/MemMang/heap_4.o

.debug_aranges  0x00000000     0x16b0
 .debug_aranges
                0x00000000       0x80 ./Core/Src/main.o
 .debug_aranges
                0x00000080       0x30 ./Core/Src/stm32g0xx_hal_msp.o
 .debug_aranges
                0x000000b0       0x30 ./Core/Src/stm32g0xx_hal_timebase_tim.o
 .debug_aranges
                0x000000e0       0x30 ./Core/Src/stm32g0xx_it.o
 .debug_aranges
                0x00000110       0x28 ./Core/Src/system_stm32g0xx.o
 .debug_aranges
                0x00000138       0x28 ./Core/Startup/startup_stm32g0b1retx.o
 .debug_aranges
                0x00000160      0x130 ./Drivers/STM32G0xx_HAL_Driver/Src/stm32g0xx_hal.o
 .debug_aranges
                0x00000290       0xe8 ./Drivers/STM32G0xx_HAL_Driver/Src/stm32g0xx_hal_cortex.o
 .debug_aranges
                0x00000378       0x60 ./Drivers/STM32G0xx_HAL_Driver/Src/stm32g0xx_hal_gpio.o
 .debug_aranges
                0x000003d8      0x128 ./Drivers/STM32G0xx_HAL_Driver/Src/stm32g0xx_hal_pwr_ex.o
 .debug_aranges
                0x00000500       0xa0 ./Drivers/STM32G0xx_HAL_Driver/Src/stm32g0xx_hal_rcc.o
 .debug_aranges
                0x000005a0       0x88 ./Drivers/STM32G0xx_HAL_Driver/Src/stm32g0xx_hal_rcc_ex.o
 .debug_aranges
                0x00000628      0x3e0 ./Drivers/STM32G0xx_HAL_Driver/Src/stm32g0xx_hal_tim.o
 .debug_aranges
                0x00000a08      0x198 ./Drivers/STM32G0xx_HAL_Driver/Src/stm32g0xx_hal_tim_ex.o
 .debug_aranges
                0x00000ba0      0x248 ./Drivers/STM32G0xx_HAL_Driver/Src/stm32g0xx_hal_uart.o
 .debug_aranges
                0x00000de8       0xa8 ./Drivers/STM32G0xx_HAL_Driver/Src/stm32g0xx_hal_uart_ex.o
 .debug_aranges
                0x00000e90      0x2b0 ./Middlewares/Third_Party/FreeRTOS/Source/CMSIS_RTOS_V2/cmsis_os2.o
 .debug_aranges
                0x00001140       0x40 ./Middlewares/Third_Party/FreeRTOS/Source/list.o
 .debug_aranges
                0x00001180      0x158 ./Middlewares/Third_Party/FreeRTOS/Source/queue.o
 .debug_aranges
                0x000012d8      0x208 ./Middlewares/Third_Party/FreeRTOS/Source/tasks.o
 .debug_aranges
                0x000014e0       0xf0 ./Middlewares/Third_Party/FreeRTOS/Source/timers.o
 .debug_aranges
                0x000015d0       0x88 ./Middlewares/Third_Party/FreeRTOS/Source/portable/GCC/ARM_CM0/port.o
 .debug_aranges
                0x00001658       0x58 ./Middlewares/Third_Party/FreeRTOS/Source/portable/MemMang/heap_4.o

.debug_rnglists
                0x00000000     0x11b8
 .debug_rnglists
                0x00000000       0x5f ./Core/Src/main.o
 .debug_rnglists
                0x0000005f       0x20 ./Core/Src/stm32g0xx_hal_msp.o
 .debug_rnglists
                0x0000007f       0x20 ./Core/Src/stm32g0xx_hal_timebase_tim.o
 .debug_rnglists
                0x0000009f       0x1f ./Core/Src/stm32g0xx_it.o
 .debug_rnglists
                0x000000be       0x1a ./Core/Src/system_stm32g0xx.o
 .debug_rnglists
                0x000000d8       0x19 ./Core/Startup/startup_stm32g0b1retx.o
 .debug_rnglists
                0x000000f1       0xe0 ./Drivers/STM32G0xx_HAL_Driver/Src/stm32g0xx_hal.o
 .debug_rnglists
                0x000001d1       0xaa ./Drivers/STM32G0xx_HAL_Driver/Src/stm32g0xx_hal_cortex.o
 .debug_rnglists
                0x0000027b       0x45 ./Drivers/STM32G0xx_HAL_Driver/Src/stm32g0xx_hal_gpio.o
 .debug_rnglists
                0x000002c0       0xe0 ./Drivers/STM32G0xx_HAL_Driver/Src/stm32g0xx_hal_pwr_ex.o
 .debug_rnglists
                0x000003a0       0x79 ./Drivers/STM32G0xx_HAL_Driver/Src/stm32g0xx_hal_rcc.o
 .debug_rnglists
                0x00000419       0x69 ./Drivers/STM32G0xx_HAL_Driver/Src/stm32g0xx_hal_rcc_ex.o
 .debug_rnglists
                0x00000482      0x32b ./Drivers/STM32G0xx_HAL_Driver/Src/stm32g0xx_hal_tim.o
 .debug_rnglists
                0x000007ad      0x14e ./Drivers/STM32G0xx_HAL_Driver/Src/stm32g0xx_hal_tim_ex.o
 .debug_rnglists
                0x000008fb      0x1fb ./Drivers/STM32G0xx_HAL_Driver/Src/stm32g0xx_hal_uart.o
 .debug_rnglists
                0x00000af6       0x80 ./Drivers/STM32G0xx_HAL_Driver/Src/stm32g0xx_hal_uart_ex.o
 .debug_rnglists
                0x00000b76      0x214 ./Middlewares/Third_Party/FreeRTOS/Source/CMSIS_RTOS_V2/cmsis_os2.o
 .debug_rnglists
                0x00000d8a       0x2b ./Middlewares/Third_Party/FreeRTOS/Source/list.o
 .debug_rnglists
                0x00000db5      0x109 ./Middlewares/Third_Party/FreeRTOS/Source/queue.o
 .debug_rnglists
                0x00000ebe      0x1a0 ./Middlewares/Third_Party/FreeRTOS/Source/tasks.o
 .debug_rnglists
                0x0000105e       0xb7 ./Middlewares/Third_Party/FreeRTOS/Source/timers.o
 .debug_rnglists
                0x00001115       0x61 ./Middlewares/Third_Party/FreeRTOS/Source/portable/GCC/ARM_CM0/port.o
 .debug_rnglists
                0x00001176       0x42 ./Middlewares/Third_Party/FreeRTOS/Source/portable/MemMang/heap_4.o

.debug_macro    0x00000000     0x39fa
 .debug_macro   0x00000000      0x392 ./Core/Src/main.o
 .debug_macro   0x00000392       0x66 ./Core/Src/main.o
 .debug_macro   0x000003f8       0x74 ./Core/Src/main.o
 .debug_macro   0x0000046c       0xdd ./Core/Src/main.o
 .debug_macro   0x00000549       0x1c ./Core/Src/main.o
 .debug_macro   0x00000565      0x369 ./Core/Src/main.o
 .debug_macro   0x000008ce       0x10 ./Core/Src/main.o
 .debug_macro   0x000008de       0x1c ./Core/Src/main.o
 .debug_macro   0x000008fa       0x16 ./Core/Src/main.o
 .debug_macro   0x00000910      0x146 ./Core/Src/main.o
 .debug_macro   0x00000a56       0x16 ./Core/Src/main.o
 .debug_macro   0x00000a6c       0x20 ./Core/Src/main.o
 .debug_macro   0x00000a8c      0x1ee ./Core/Src/stm32g0xx_hal_msp.o
 .debug_macro   0x00000c7a      0x1df ./Core/Src/stm32g0xx_hal_timebase_tim.o
 .debug_macro   0x00000e59      0x1f8 ./Core/Src/stm32g0xx_it.o
 .debug_macro   0x00001051      0x1df ./Core/Src/system_stm32g0xx.o
 .debug_macro   0x00001230      0x203 ./Drivers/STM32G0xx_HAL_Driver/Src/stm32g0xx_hal.o
 .debug_macro   0x00001433      0x1df ./Drivers/STM32G0xx_HAL_Driver/Src/stm32g0xx_hal_cortex.o
 .debug_macro   0x00001612      0x1e6 ./Drivers/STM32G0xx_HAL_Driver/Src/stm32g0xx_hal_gpio.o
 .debug_macro   0x000017f8      0x209 ./Drivers/STM32G0xx_HAL_Driver/Src/stm32g0xx_hal_pwr_ex.o
 .debug_macro   0x00001a01      0x227 ./Drivers/STM32G0xx_HAL_Driver/Src/stm32g0xx_hal_rcc.o
 .debug_macro   0x00001c28      0x1f7 ./Drivers/STM32G0xx_HAL_Driver/Src/stm32g0xx_hal_rcc_ex.o
 .debug_macro   0x00001e1f      0x1e7 ./Drivers/STM32G0xx_HAL_Driver/Src/stm32g0xx_hal_tim.o
 .debug_macro   0x00002006      0x1e5 ./Drivers/STM32G0xx_HAL_Driver/Src/stm32g0xx_hal_tim_ex.o
 .debug_macro   0x000021eb      0x20a ./Drivers/STM32G0xx_HAL_Driver/Src/stm32g0xx_hal_uart.o
 .debug_macro   0x000023f5      0x1eb ./Drivers/STM32G0xx_HAL_Driver/Src/stm32g0xx_hal_uart_ex.o
 .debug_macro   0x000025e0      0x3e8 ./Middlewares/Third_Party/FreeRTOS/Source/CMSIS_RTOS_V2/cmsis_os2.o
 .debug_macro   0x000029c8       0x10 ./Middlewares/Third_Party/FreeRTOS/Source/CMSIS_RTOS_V2/cmsis_os2.o
 .debug_macro   0x000029d8       0x10 ./Middlewares/Third_Party/FreeRTOS/Source/CMSIS_RTOS_V2/cmsis_os2.o
 .debug_macro   0x000029e8       0xcb ./Middlewares/Third_Party/FreeRTOS/Source/CMSIS_RTOS_V2/cmsis_os2.o
 .debug_macro   0x00002ab3       0x16 ./Middlewares/Third_Party/FreeRTOS/Source/CMSIS_RTOS_V2/cmsis_os2.o
 .debug_macro   0x00002ac9       0x91 ./Middlewares/Third_Party/FreeRTOS/Source/CMSIS_RTOS_V2/cmsis_os2.o
 .debug_macro   0x00002b5a       0x8d ./Middlewares/Third_Party/FreeRTOS/Source/CMSIS_RTOS_V2/cmsis_os2.o
 .debug_macro   0x00002be7       0x9a ./Middlewares/Third_Party/FreeRTOS/Source/CMSIS_RTOS_V2/cmsis_os2.o
 .debug_macro   0x00002c81       0x22 ./Middlewares/Third_Party/FreeRTOS/Source/CMSIS_RTOS_V2/cmsis_os2.o
 .debug_macro   0x00002ca3       0x56 ./Middlewares/Third_Party/FreeRTOS/Source/CMSIS_RTOS_V2/cmsis_os2.o
 .debug_macro   0x00002cf9      0x199 ./Middlewares/Third_Party/FreeRTOS/Source/list.o
 .debug_macro   0x00002e92      0x228 ./Middlewares/Third_Party/FreeRTOS/Source/queue.o
 .debug_macro   0x000030ba       0x87 ./Middlewares/Third_Party/FreeRTOS/Source/queue.o
 .debug_macro   0x00003141      0x291 ./Middlewares/Third_Party/FreeRTOS/Source/tasks.o
 .debug_macro   0x000033d2       0x10 ./Middlewares/Third_Party/FreeRTOS/Source/tasks.o
 .debug_macro   0x000033e2      0x1ee ./Middlewares/Third_Party/FreeRTOS/Source/timers.o
 .debug_macro   0x000035d0       0x97 ./Middlewares/Third_Party/FreeRTOS/Source/timers.o
 .debug_macro   0x00003667      0x1d3 ./Middlewares/Third_Party/FreeRTOS/Source/portable/GCC/ARM_CM0/port.o
 .debug_macro   0x0000383a      0x1c0 ./Middlewares/Third_Party/FreeRTOS/Source/portable/MemMang/heap_4.o

.debug_line     0x00000000    0x197f4
 .debug_line    0x00000000      0xce7 ./Core/Src/main.o
 .debug_line    0x00000ce7      0x7ea ./Core/Src/stm32g0xx_hal_msp.o
 .debug_line    0x000014d1      0x802 ./Core/Src/stm32g0xx_hal_timebase_tim.o
 .debug_line    0x00001cd3      0x7c8 ./Core/Src/stm32g0xx_it.o
 .debug_line    0x0000249b      0x7fc ./Core/Src/system_stm32g0xx.o
 .debug_line    0x00002c97       0x7b ./Core/Startup/startup_stm32g0b1retx.o
 .debug_line    0x00002d12      0xb62 ./Drivers/STM32G0xx_HAL_Driver/Src/stm32g0xx_hal.o
 .debug_line    0x00003874      0xbd7 ./Drivers/STM32G0xx_HAL_Driver/Src/stm32g0xx_hal_cortex.o
 .debug_line    0x0000444b      0xbcf ./Drivers/STM32G0xx_HAL_Driver/Src/stm32g0xx_hal_gpio.o
 .debug_line    0x0000501a      0xc2a ./Drivers/STM32G0xx_HAL_Driver/Src/stm32g0xx_hal_pwr_ex.o
 .debug_line    0x00005c44      0xfb4 ./Drivers/STM32G0xx_HAL_Driver/Src/stm32g0xx_hal_rcc.o
 .debug_line    0x00006bf8     0x11f4 ./Drivers/STM32G0xx_HAL_Driver/Src/stm32g0xx_hal_rcc_ex.o
 .debug_line    0x00007dec     0x3de9 ./Drivers/STM32G0xx_HAL_Driver/Src/stm32g0xx_hal_tim.o
 .debug_line    0x0000bbd5     0x1cfe ./Drivers/STM32G0xx_HAL_Driver/Src/stm32g0xx_hal_tim_ex.o
 .debug_line    0x0000d8d3     0x3723 ./Drivers/STM32G0xx_HAL_Driver/Src/stm32g0xx_hal_uart.o
 .debug_line    0x00010ff6      0xe36 ./Drivers/STM32G0xx_HAL_Driver/Src/stm32g0xx_hal_uart_ex.o
 .debug_line    0x00011e2c     0x2383 ./Middlewares/Third_Party/FreeRTOS/Source/CMSIS_RTOS_V2/cmsis_os2.o
 .debug_line    0x000141af      0x796 ./Middlewares/Third_Party/FreeRTOS/Source/list.o
 .debug_line    0x00014945     0x14a5 ./Middlewares/Third_Party/FreeRTOS/Source/queue.o
 .debug_line    0x00015dea     0x1b58 ./Middlewares/Third_Party/FreeRTOS/Source/tasks.o
 .debug_line    0x00017942      0xd04 ./Middlewares/Third_Party/FreeRTOS/Source/timers.o
 .debug_line    0x00018646      0x827 ./Middlewares/Third_Party/FreeRTOS/Source/portable/GCC/ARM_CM0/port.o
 .debug_line    0x00018e6d      0x987 ./Middlewares/Third_Party/FreeRTOS/Source/portable/MemMang/heap_4.o

.debug_str      0x00000000    0xc64bc
 .debug_str     0x00000000    0xbcd36 ./Core/Src/main.o
                              0xbd5d3 (size before relaxing)
 .debug_str     0x000bcd36      0x47d ./Core/Src/stm32g0xx_hal_msp.o
                              0xb4e61 (size before relaxing)
 .debug_str     0x000bd1b3      0x11a ./Core/Src/stm32g0xx_hal_timebase_tim.o
                              0xb4c6a (size before relaxing)
 .debug_str     0x000bd2cd       0x79 ./Core/Src/stm32g0xx_it.o
                              0xb497a (size before relaxing)
 .debug_str     0x000bd346       0x8e ./Core/Src/system_stm32g0xx.o
                              0xb4300 (size before relaxing)
 .debug_str     0x000bd3d4       0x44 ./Core/Startup/startup_stm32g0b1retx.o
                                 0x84 (size before relaxing)
 .debug_str     0x000bd418      0x598 ./Drivers/STM32G0xx_HAL_Driver/Src/stm32g0xx_hal.o
                              0xb4be0 (size before relaxing)
 .debug_str     0x000bd9b0      0x2b4 ./Drivers/STM32G0xx_HAL_Driver/Src/stm32g0xx_hal_cortex.o
                              0xb4811 (size before relaxing)
 .debug_str     0x000bdc64      0x164 ./Drivers/STM32G0xx_HAL_Driver/Src/stm32g0xx_hal_gpio.o
                              0xb4463 (size before relaxing)
 .debug_str     0x000bddc8      0x3f0 ./Drivers/STM32G0xx_HAL_Driver/Src/stm32g0xx_hal_pwr_ex.o
                              0xb4882 (size before relaxing)
 .debug_str     0x000be1b8      0x491 ./Drivers/STM32G0xx_HAL_Driver/Src/stm32g0xx_hal_rcc.o
                              0xb4acc (size before relaxing)
 .debug_str     0x000be649      0x360 ./Drivers/STM32G0xx_HAL_Driver/Src/stm32g0xx_hal_rcc_ex.o
                              0xb495c (size before relaxing)
 .debug_str     0x000be9a9      0xeb7 ./Drivers/STM32G0xx_HAL_Driver/Src/stm32g0xx_hal_tim.o
                              0xb586f (size before relaxing)
 .debug_str     0x000bf860      0x67e ./Drivers/STM32G0xx_HAL_Driver/Src/stm32g0xx_hal_tim_ex.o
                              0xb51f7 (size before relaxing)
 .debug_str     0x000bfede      0x9ca ./Drivers/STM32G0xx_HAL_Driver/Src/stm32g0xx_hal_uart.o
                              0xb52eb (size before relaxing)
 .debug_str     0x000c08a8      0x264 ./Drivers/STM32G0xx_HAL_Driver/Src/stm32g0xx_hal_uart_ex.o
                              0xb4bb1 (size before relaxing)
 .debug_str     0x000c0b0c     0x324b ./Middlewares/Third_Party/FreeRTOS/Source/CMSIS_RTOS_V2/cmsis_os2.o
                              0xbedc6 (size before relaxing)
 .debug_str     0x000c3d57      0x20f ./Middlewares/Third_Party/FreeRTOS/Source/list.o
                               0xa84f (size before relaxing)
 .debug_str     0x000c3f66      0x861 ./Middlewares/Third_Party/FreeRTOS/Source/queue.o
                               0xc34d (size before relaxing)
 .debug_str     0x000c47c7     0x1080 ./Middlewares/Third_Party/FreeRTOS/Source/tasks.o
                               0xd152 (size before relaxing)
 .debug_str     0x000c5847      0x5af ./Middlewares/Third_Party/FreeRTOS/Source/timers.o
                               0xcbcc (size before relaxing)
 .debug_str     0x000c5df6      0x3a2 ./Middlewares/Third_Party/FreeRTOS/Source/portable/GCC/ARM_CM0/port.o
                               0x9bf7 (size before relaxing)
 .debug_str     0x000c6198      0x324 ./Middlewares/Third_Party/FreeRTOS/Source/portable/MemMang/heap_4.o
                               0xb172 (size before relaxing)

.comment        0x00000000       0x43
 .comment       0x00000000       0x43 ./Core/Src/main.o
                                 0x44 (size before relaxing)
 .comment       0x00000043       0x44 ./Core/Src/stm32g0xx_hal_msp.o
 .comment       0x00000043       0x44 ./Core/Src/stm32g0xx_hal_timebase_tim.o
 .comment       0x00000043       0x44 ./Core/Src/stm32g0xx_it.o
 .comment       0x00000043       0x44 ./Core/Src/system_stm32g0xx.o
 .comment       0x00000043       0x44 ./Drivers/STM32G0xx_HAL_Driver/Src/stm32g0xx_hal.o
 .comment       0x00000043       0x44 ./Drivers/STM32G0xx_HAL_Driver/Src/stm32g0xx_hal_cortex.o
 .comment       0x00000043       0x44 ./Drivers/STM32G0xx_HAL_Driver/Src/stm32g0xx_hal_gpio.o
 .comment       0x00000043       0x44 ./Drivers/STM32G0xx_HAL_Driver/Src/stm32g0xx_hal_pwr_ex.o
 .comment       0x00000043       0x44 ./Drivers/STM32G0xx_HAL_Driver/Src/stm32g0xx_hal_rcc.o
 .comment       0x00000043       0x44 ./Drivers/STM32G0xx_HAL_Driver/Src/stm32g0xx_hal_rcc_ex.o
 .comment       0x00000043       0x44 ./Drivers/STM32G0xx_HAL_Driver/Src/stm32g0xx_hal_tim.o
 .comment       0x00000043       0x44 ./Drivers/STM32G0xx_HAL_Driver/Src/stm32g0xx_hal_tim_ex.o
 .comment       0x00000043       0x44 ./Drivers/STM32G0xx_HAL_Driver/Src/stm32g0xx_hal_uart.o
 .comment       0x00000043       0x44 ./Drivers/STM32G0xx_HAL_Driver/Src/stm32g0xx_hal_uart_ex.o
 .comment       0x00000043       0x44 ./Middlewares/Third_Party/FreeRTOS/Source/CMSIS_RTOS_V2/cmsis_os2.o
 .comment       0x00000043       0x44 ./Middlewares/Third_Party/FreeRTOS/Source/list.o
 .comment       0x00000043       0x44 ./Middlewares/Third_Party/FreeRTOS/Source/queue.o
 .comment       0x00000043       0x44 ./Middlewares/Third_Party/FreeRTOS/Source/tasks.o
 .comment       0x00000043       0x44 ./Middlewares/Third_Party/FreeRTOS/Source/timers.o
 .comment       0x00000043       0x44 ./Middlewares/Third_Party/FreeRTOS/Source/portable/GCC/ARM_CM0/port.o
 .comment       0x00000043       0x44 ./Middlewares/Third_Party/FreeRTOS/Source/portable/MemMang/heap_4.o

.debug_frame    0x00000000     0x5590
 .debug_frame   0x00000000      0x1a4 ./Core/Src/main.o
 .debug_frame   0x000001a4       0x70 ./Core/Src/stm32g0xx_hal_msp.o
 .debug_frame   0x00000214       0x6c ./Core/Src/stm32g0xx_hal_timebase_tim.o
 .debug_frame   0x00000280       0x64 ./Core/Src/stm32g0xx_it.o
 .debug_frame   0x000002e4       0x4c ./Core/Src/system_stm32g0xx.o
 .debug_frame   0x00000330      0x41c ./Drivers/STM32G0xx_HAL_Driver/Src/stm32g0xx_hal.o
 .debug_frame   0x0000074c      0x33c ./Drivers/STM32G0xx_HAL_Driver/Src/stm32g0xx_hal_cortex.o
 .debug_frame   0x00000a88      0x130 ./Drivers/STM32G0xx_HAL_Driver/Src/stm32g0xx_hal_gpio.o
 .debug_frame   0x00000bb8      0x3f4 ./Drivers/STM32G0xx_HAL_Driver/Src/stm32g0xx_hal_pwr_ex.o
 .debug_frame   0x00000fac      0x214 ./Drivers/STM32G0xx_HAL_Driver/Src/stm32g0xx_hal_rcc.o
 .debug_frame   0x000011c0      0x1c4 ./Drivers/STM32G0xx_HAL_Driver/Src/stm32g0xx_hal_rcc_ex.o
 .debug_frame   0x00001384      0xf40 ./Drivers/STM32G0xx_HAL_Driver/Src/stm32g0xx_hal_tim.o
 .debug_frame   0x000022c4      0x620 ./Drivers/STM32G0xx_HAL_Driver/Src/stm32g0xx_hal_tim_ex.o
 .debug_frame   0x000028e4      0x8d8 ./Drivers/STM32G0xx_HAL_Driver/Src/stm32g0xx_hal_uart.o
 .debug_frame   0x000031bc      0x258 ./Drivers/STM32G0xx_HAL_Driver/Src/stm32g0xx_hal_uart_ex.o
 .debug_frame   0x00003414      0xa5c ./Middlewares/Third_Party/FreeRTOS/Source/CMSIS_RTOS_V2/cmsis_os2.o
 .debug_frame   0x00003e70       0xb0 ./Middlewares/Third_Party/FreeRTOS/Source/list.o
 .debug_frame   0x00003f20      0x510 ./Middlewares/Third_Party/FreeRTOS/Source/queue.o
 .debug_frame   0x00004430      0x7bc ./Middlewares/Third_Party/FreeRTOS/Source/tasks.o
 .debug_frame   0x00004bec      0x36c ./Middlewares/Third_Party/FreeRTOS/Source/timers.o
 .debug_frame   0x00004f58      0x174 ./Middlewares/Third_Party/FreeRTOS/Source/portable/GCC/ARM_CM0/port.o
 .debug_frame   0x000050cc      0x104 ./Middlewares/Third_Party/FreeRTOS/Source/portable/MemMang/heap_4.o
 .debug_frame   0x000051d0      0x138 C:/ST/STM32CubeIDE_1.17.0/STM32CubeIDE/plugins/com.st.stm32cube.ide.mcu.externaltools.gnu-tools-for-stm32.12.3.rel1.win32_1.1.0.202410251130/tools/bin/../lib/gcc/arm-none-eabi/12.3.1/../../../../arm-none-eabi/lib/thumb/v6-m/nofp\libc_nano.a(libc_a-findfp.o)
 .debug_frame   0x00005308       0x20 C:/ST/STM32CubeIDE_1.17.0/STM32CubeIDE/plugins/com.st.stm32cube.ide.mcu.externaltools.gnu-tools-for-stm32.12.3.rel1.win32_1.1.0.202410251130/tools/bin/../lib/gcc/arm-none-eabi/12.3.1/../../../../arm-none-eabi/lib/thumb/v6-m/nofp\libc_nano.a(libc_a-memset.o)
 .debug_frame   0x00005328       0x2c C:/ST/STM32CubeIDE_1.17.0/STM32CubeIDE/plugins/com.st.stm32cube.ide.mcu.externaltools.gnu-tools-for-stm32.12.3.rel1.win32_1.1.0.202410251130/tools/bin/../lib/gcc/arm-none-eabi/12.3.1/../../../../arm-none-eabi/lib/thumb/v6-m/nofp\libc_nano.a(libc_a-reent.o)
 .debug_frame   0x00005354       0x2c C:/ST/STM32CubeIDE_1.17.0/STM32CubeIDE/plugins/com.st.stm32cube.ide.mcu.externaltools.gnu-tools-for-stm32.12.3.rel1.win32_1.1.0.202410251130/tools/bin/../lib/gcc/arm-none-eabi/12.3.1/../../../../arm-none-eabi/lib/thumb/v6-m/nofp\libc_nano.a(libc_a-init.o)
 .debug_frame   0x00005380       0xb0 C:/ST/STM32CubeIDE_1.17.0/STM32CubeIDE/plugins/com.st.stm32cube.ide.mcu.externaltools.gnu-tools-for-stm32.12.3.rel1.win32_1.1.0.202410251130/tools/bin/../lib/gcc/arm-none-eabi/12.3.1/../../../../arm-none-eabi/lib/thumb/v6-m/nofp\libc_nano.a(libc_a-lock.o)